Archive member included to satisfy reference by file (symbol)

d:/program files (x86)/atollic/truestudio for arm 8.0.0/armtools/bin/../lib/gcc/arm-atollic-eabi/6.3.1/../../../../arm-atollic-eabi/lib/armv7-m\libc_nano.a(lib_a-init.o)
                              BSP\TrueSTUDIO\cstartup.o (__libc_init_array)
d:/program files (x86)/atollic/truestudio for arm 8.0.0/armtools/bin/../lib/gcc/arm-atollic-eabi/6.3.1/../../../../arm-atollic-eabi/lib/armv7-m\libc_nano.a(lib_a-memset.o)
                              uC-LIB\lib_fifo.o (memset)
d:/program files (x86)/atollic/truestudio for arm 8.0.0/armtools/bin/../lib/gcc/arm-atollic-eabi/6.3.1/../../../../arm-atollic-eabi/lib/armv7-m\libc_nano.a(lib_a-strlen.o)
                              src\tiny_printf.o (strlen)
d:/program files (x86)/atollic/truestudio for arm 8.0.0/armtools/bin/../lib/gcc/arm-atollic-eabi/6.3.1/../../../../arm-atollic-eabi/lib/armv7-m\libnosys.a(write.o)
                              src\tiny_printf.o (_write)
d:/program files (x86)/atollic/truestudio for arm 8.0.0/armtools/bin/../lib/gcc/arm-atollic-eabi/6.3.1/../../../../arm-atollic-eabi/lib/armv7-m\libnosys.a(errno.o)
                              d:/program files (x86)/atollic/truestudio for arm 8.0.0/armtools/bin/../lib/gcc/arm-atollic-eabi/6.3.1/../../../../arm-atollic-eabi/lib/armv7-m\libnosys.a(write.o) (errno)

Allocating common symbols
Common symbol       size              file

com4SendBuff        0x41e             BSP\bsp_uart.o
OSSchedLockNestingCtr
                    0x1               uCOS-III\Source\os_var.o
OS_AppTaskReturnHookPtr
                    0x4               uCOS-III\Source\os_var.o
OSStatTaskTimeMax   0x4               uCOS-III\Source\os_var.o
OSStatTaskCtr       0x4               uCOS-III\Source\os_var.o
OSTaskRegNextAvailID
                    0x1               uCOS-III\Source\os_var.o
OSRunning           0x1               uCOS-III\Source\os_var.o
OSRdyList           0x180             uCOS-III\Source\os_var.o
OSIntQInPtr         0x4               uCOS-III\Source\os_var.o
OSPrioHighRdy       0x1               uCOS-III\Source\os_var.o
OSCfg_IntQTaskStk   0x200             uCOS-III\Source\os_cfg_app.o
errno               0x4               d:/program files (x86)/atollic/truestudio for arm 8.0.0/armtools/bin/../lib/gcc/arm-atollic-eabi/6.3.1/../../../../arm-atollic-eabi/lib/armv7-m\libnosys.a(errno.o)
OSStatTaskRdy       0x1               uCOS-III\Source\os_var.o
OSSemDbgListPtr     0x4               uCOS-III\Source\os_var.o
com1SendBuff        0x41e             BSP\bsp_uart.o
OS_AppTaskCreateHookPtr
                    0x4               uCOS-III\Source\os_var.o
OSCfg_StatTaskStk   0x200             uCOS-III\Source\os_cfg_app.o
uartMem             0x84              BSP\bsp_uart.o
OSCfg_TickWheel     0x88              uCOS-III\Source\os_cfg_app.o
OSPrioCur           0x1               uCOS-III\Source\os_var.o
OSTickTaskTCB       0xc8              uCOS-III\Source\os_var.o
Math_RandSeedCur    0x4               uC-LIB\lib_math.o
CPU_IntDisMeasMax_cnts
                    0x4               uC-CPU\cpu_core.o
OSIntQTaskTimeMax   0x4               uCOS-III\Source\os_var.o
OSTmrTickCtr        0x4               uCOS-III\Source\os_var.o
com2SendBuff        0x41e             BSP\bsp_uart.o
OSSchedLockTimeBegin
                    0x4               uCOS-III\Source\os_var.o
OSTCBCurPtr         0x4               uCOS-III\Source\os_var.o
OSCfg_MsgPool       0x640             uCOS-III\Source\os_cfg_app.o
OSQQty              0x2               uCOS-III\Source\os_var.o
OSStatTaskCPUUsageMax
                    0x2               uCOS-III\Source\os_var.o
OSIntQNbrEntriesMax
                    0x2               uCOS-III\Source\os_var.o
OSPrioSaved         0x1               uCOS-III\Source\os_var.o
OSTCBHighRdyPtr     0x4               uCOS-III\Source\os_var.o
OSSchedLockTimeMaxCur
                    0x4               uCOS-III\Source\os_var.o
CPU_TS_TmrFreq_Hz   0x4               uC-CPU\cpu_core.o
com1ReciveBuff      0x800             BSP\bsp_uart.o
CPU_IntDisMeasStart_cnts
                    0x4               uC-CPU\cpu_core.o
OSTaskDbgListPtr    0x4               uCOS-III\Source\os_var.o
OSTmrTaskTimeMax    0x4               uCOS-III\Source\os_var.o
OS_AppTaskDelHookPtr
                    0x4               uCOS-III\Source\os_var.o
OS_AppTimeTickHookPtr
                    0x4               uCOS-III\Source\os_var.o
Mem_PoolHeap        0x48              uC-LIB\lib_mem.o
OSStatTaskCPUUsage  0x2               uCOS-III\Source\os_var.o
OSTaskCtxSwCtr      0x4               uCOS-III\Source\os_var.o
OSIntNestingCtr     0x1               uCOS-III\Source\os_var.o
OSTaskQty           0x2               uCOS-III\Source\os_var.o
OS_CPU_ExceptStkBase
                    0x4               uCOS-III\Ports\ARM-Cortex-M3\Generic\GNU\os_cpu_c.o
OSTmrTaskTCB        0xc8              uCOS-III\Source\os_var.o
OSMsgPool           0xc               uCOS-III\Source\os_var.o
[...]
Memory Configuration

Name             Origin             Length             Attributes
FLASH            0x08000000         0x00080000         xr
RAM              0x20000000         0x00010000         xrw
MEMORY_B1        0x60000000         0x00000000         xr
*default*        0x00000000         0xffffffff

Linker script and memory map

LOAD d:/program files (x86)/atollic/truestudio for arm 8.0.0/armtools/bin/../lib/gcc/arm-atollic-eabi/6.3.1/armv7-m/crti.o
LOAD d:/program files (x86)/atollic/truestudio for arm 8.0.0/armtools/bin/../lib/gcc/arm-atollic-eabi/6.3.1/armv7-m/crtbegin.o
LOAD BSP\OS\uCOS-III\bsp_os.o
LOAD BSP\ST\STM32\src\stm32f10x_adc.o
LOAD BSP\ST\STM32\src\stm32f10x_bkp.o
LOAD BSP\ST\STM32\src\stm32f10x_can.o
LOAD BSP\ST\STM32\src\stm32f10x_crc.o
LOAD BSP\ST\STM32\src\stm32f10x_dac.o
LOAD BSP\ST\STM32\src\stm32f10x_dbgmcu.o
LOAD BSP\ST\STM32\src\stm32f10x_dma.o
LOAD BSP\ST\STM32\src\stm32f10x_exti.o
LOAD BSP\ST\STM32\src\stm32f10x_flash.o
LOAD BSP\ST\STM32\src\stm32f10x_fsmc.o
LOAD BSP\ST\STM32\src\stm32f10x_gpio.o
LOAD BSP\ST\STM32\src\stm32f10x_i2c.o
LOAD BSP\ST\STM32\src\stm32f10x_iwdg.o
LOAD BSP\ST\STM32\src\stm32f10x_lib.o
LOAD BSP\ST\STM32\src\stm32f10x_nvic.o
LOAD BSP\ST\STM32\src\stm32f10x_pwr.o
LOAD BSP\ST\STM32\src\stm32f10x_rcc.o
LOAD BSP\ST\STM32\src\stm32f10x_rtc.o
LOAD BSP\ST\STM32\src\stm32f10x_sdio.o
LOAD BSP\ST\STM32\src\stm32f10x_spi.o
LOAD BSP\ST\STM32\src\stm32f10x_systick.o
LOAD BSP\ST\STM32\src\stm32f10x_tim.o
LOAD BSP\ST\STM32\src\stm32f10x_usart.o
LOAD BSP\ST\STM32\src\stm32f10x_wwdg.o
LOAD BSP\TrueSTUDIO\cstartup.o
LOAD BSP\bsp.o
LOAD BSP\bsp_i2c.o
LOAD BSP\bsp_int.o
LOAD BSP\bsp_periph.o
LOAD BSP\bsp_uart.o
LOAD src\app.o
LOAD src\os_app_hooks.o
LOAD src\tiny_printf.o
LOAD uC-CPU\ARM-Cortex-M3\GNU\cpu_a.o
LOAD uC-CPU\ARM-Cortex-M3\GNU\cpu_c.o
LOAD uC-CPU\cpu_core.o
LOAD uC-LIB\Ports\ARM-Cortex-M3\GNU\lib_mem_a.o
LOAD uC-LIB\lib_ascii.o
LOAD uC-LIB\lib_fifo.o
LOAD uC-LIB\lib_math.o
LOAD uC-LIB\lib_mem.o
LOAD uC-LIB\lib_str.o
LOAD uCOS-III\Ports\ARM-Cortex-M3\Generic\GNU\os_cpu_a.o
LOAD uCOS-III\Ports\ARM-Cortex-M3\Generic\GNU\os_cpu_c.o
LOAD uCOS-III\Source\os_cfg_app.o
LOAD uCOS-III\Source\os_core.o
LOAD uCOS-III\Source\os_dbg.o
LOAD uCOS-III\Source\os_flag.o
LOAD uCOS-III\Source\os_int.o
LOAD uCOS-III\Source\os_mem.o
LOAD uCOS-III\Source\os_msg.o
LOAD uCOS-III\Source\os_mutex.o
LOAD uCOS-III\Source\os_pend_multi.o
LOAD uCOS-III\Source\os_prio.o
LOAD uCOS-III\Source\os_q.o
LOAD uCOS-III\Source\os_sem.o
LOAD uCOS-III\Source\os_stat.o
LOAD uCOS-III\Source\os_task.o
LOAD uCOS-III\Source\os_tick.o
LOAD uCOS-III\Source\os_time.o
LOAD uCOS-III\Source\os_tmr.o
LOAD uCOS-III\Source\os_var.o
                0x00000080                malloc_getpagesize_P = 0x80
START GROUP
LOAD d:/program files (x86)/atollic/truestudio for arm 8.0.0/armtools/bin/../lib/gcc/arm-atollic-eabi/6.3.1/../../../../arm-atollic-eabi/lib/armv7-m\libc_nano.a
LOAD d:/program files (x86)/atollic/truestudio for arm 8.0.0/armtools/bin/../lib/gcc/arm-atollic-eabi/6.3.1/../../../../arm-atollic-eabi/lib/armv7-m\libm.a
END GROUP
START GROUP
LOAD d:/program files (x86)/atollic/truestudio for arm 8.0.0/armtools/bin/../lib/gcc/arm-atollic-eabi/6.3.1/armv7-m\libgcc.a
LOAD d:/program files (x86)/atollic/truestudio for arm 8.0.0/armtools/bin/../lib/gcc/arm-atollic-eabi/6.3.1/../../../../arm-atollic-eabi/lib/armv7-m\libc_nano.a
END GROUP
START GROUP
LOAD d:/program files (x86)/atollic/truestudio for arm 8.0.0/armtools/bin/../lib/gcc/arm-atollic-eabi/6.3.1/armv7-m\libgcc.a
LOAD d:/program files (x86)/atollic/truestudio for arm 8.0.0/armtools/bin/../lib/gcc/arm-atollic-eabi/6.3.1/../../../../arm-atollic-eabi/lib/armv7-m\libc_nano.a
LOAD d:/program files (x86)/atollic/truestudio for arm 8.0.0/armtools/bin/../lib/gcc/arm-atollic-eabi/6.3.1/../../../../arm-atollic-eabi/lib/armv7-m\libnosys.a
END GROUP
START GROUP
LOAD d:/program files (x86)/atollic/truestudio for arm 8.0.0/armtools/bin/../lib/gcc/arm-atollic-eabi/6.3.1/armv7-m\libgcc.a
LOAD d:/program files (x86)/atollic/truestudio for arm 8.0.0/armtools/bin/../lib/gcc/arm-atollic-eabi/6.3.1/../../../../arm-atollic-eabi/lib/armv7-m\libc_nano.a
LOAD d:/program files (x86)/atollic/truestudio for arm 8.0.0/armtools/bin/../lib/gcc/arm-atollic-eabi/6.3.1/../../../../arm-atollic-eabi/lib/armv7-m\libnosys.a
END GROUP
LOAD d:/program files (x86)/atollic/truestudio for arm 8.0.0/armtools/bin/../lib/gcc/arm-atollic-eabi/6.3.1/armv7-m/crtend.o
LOAD d:/program files (x86)/atollic/truestudio for arm 8.0.0/armtools/bin/../lib/gcc/arm-atollic-eabi/6.3.1/armv7-m/crtn.o
                0x20010000                _estack = 0x20010000
                0x00000000                _Min_Heap_Size = 0x0
                0x00000200                _Min_Stack_Size = 0x200

.isr_vector     0x08000000      0x150
                0x08000000                . = ALIGN (0x4)
 *(.isr_vector)
 .isr_vector    0x08000000      0x150 BSP\TrueSTUDIO\cstartup.o
                0x08000000                g_pfnVectors
                0x08000150                . = ALIGN (0x4)

.text           0x08000150     0x628c
                0x08000150                . = ALIGN (0x4)
 *(.text)
 .text          0x08000150       0x40 d:/program files (x86)/atollic/truestudio for arm 8.0.0/armtools/bin/../lib/gcc/arm-atollic-eabi/6.3.1/armv7-m/crtbegin.o
 .text          0x08000190       0x34 uC-CPU\ARM-Cortex-M3\GNU\cpu_a.o
                0x08000190                CPU_IntDis
                0x08000194                CPU_IntEn
                0x08000198                CPU_SR_Save
                0x080001a0                CPU_SR_Restore
                0x080001a6                CPU_WaitForInt
                0x080001aa                CPU_WaitForExcept
                0x080001ae                CPU_CntLeadZeros
                0x080001b4                CPU_CntTrailZeros
                0x080001be                CPU_RevBits
 .text          0x080001c4       0x84 uCOS-III\Ports\ARM-Cortex-M3\Generic\GNU\os_cpu_a.o
                0x080001c4                OSStartHighRdy
                0x080001e4                OS_CPU_PendSVHandler
 *(.text*)
 .text.FLASH_SetLatency
                0x08000248       0x30 BSP\ST\STM32\src\stm32f10x_flash.o
                0x08000248                FLASH_SetLatency
 .text.FLASH_PrefetchBufferCmd
                0x08000278       0x30 BSP\ST\STM32\src\stm32f10x_flash.o
                0x08000278                FLASH_PrefetchBufferCmd
 .text.GPIO_Init
                0x080002a8      0x178 BSP\ST\STM32\src\stm32f10x_gpio.o
                0x080002a8                GPIO_Init
 .text.GPIO_ResetBits
                0x08000420       0x1c BSP\ST\STM32\src\stm32f10x_gpio.o
                0x08000420                GPIO_ResetBits
 .text.RCC_DeInit
                0x0800043c       0x5c BSP\ST\STM32\src\stm32f10x_rcc.o
                0x0800043c                RCC_DeInit
 .text.RCC_HSEConfig
                0x08000498       0x5c BSP\ST\STM32\src\stm32f10x_rcc.o
                0x08000498                RCC_HSEConfig
 .text.RCC_WaitForHSEStartUp
                0x080004f4       0x50 BSP\ST\STM32\src\stm32f10x_rcc.o
                0x080004f4                RCC_WaitForHSEStartUp
 .text.RCC_PLLConfig
                0x08000544       0x3c BSP\ST\STM32\src\stm32f10x_rcc.o
                0x08000544                RCC_PLLConfig
 .text.RCC_PLLCmd
                0x08000580       0x20 BSP\ST\STM32\src\stm32f10x_rcc.o
                0x08000580                RCC_PLLCmd
 .text.RCC_SYSCLKConfig
                0x080005a0       0x38 BSP\ST\STM32\src\stm32f10x_rcc.o
                0x080005a0                RCC_SYSCLKConfig
 .text.RCC_GetSYSCLKSource
                0x080005d8       0x1c BSP\ST\STM32\src\stm32f10x_rcc.o
                0x080005d8                RCC_GetSYSCLKSource
 .text.RCC_HCLKConfig
                0x080005f4       0x38 BSP\ST\STM32\src\stm32f10x_rcc.o
                0x080005f4                RCC_HCLKConfig
 .text.RCC_PCLK1Config
                0x0800062c       0x38 BSP\ST\STM32\src\stm32f10x_rcc.o
                0x0800062c                RCC_PCLK1Config
 .text.RCC_PCLK2Config
                0x08000664       0x38 BSP\ST\STM32\src\stm32f10x_rcc.o
                0x08000664                RCC_PCLK2Config
 .text.RCC_GetClocksFreq
                0x0800069c      0x1b0 BSP\ST\STM32\src\stm32f10x_rcc.o
                0x0800069c                RCC_GetClocksFreq
 .text.RCC_APB2PeriphClockCmd
                0x0800084c       0x3c BSP\ST\STM32\src\stm32f10x_rcc.o
                0x0800084c                RCC_APB2PeriphClockCmd
 .text.RCC_GetFlagStatus
                0x08000888       0x74 BSP\ST\STM32\src\stm32f10x_rcc.o
                0x08000888                RCC_GetFlagStatus
 .text.Reset_Handler
                0x080008fc       0x44 BSP\TrueSTUDIO\cstartup.o
                0x080008fc                Reset_Handler
 .text.App_NMI_ISR
                0x08000940        0x2 BSP\TrueSTUDIO\cstartup.o
 .text.App_Fault_ISR
                0x08000942        0x2 BSP\TrueSTUDIO\cstartup.o
 .text.App_MemFault_ISR
                0x08000944        0x2 BSP\TrueSTUDIO\cstartup.o
 .text.App_BusFault_ISR
                0x08000946        0x2 BSP\TrueSTUDIO\cstartup.o
 .text.App_UsageFault_ISR
                0x08000948        0x2 BSP\TrueSTUDIO\cstartup.o
 .text.App_Spurious_ISR
                0x0800094a        0x2 BSP\TrueSTUDIO\cstartup.o
 .text.App_Reserved_ISR
                0x0800094c        0x2 BSP\TrueSTUDIO\cstartup.o
 *fill*         0x0800094e        0x2 
 .text.BSP_Init
                0x08000950       0x98 BSP\bsp.o
                0x08000950                BSP_Init
 .text.BSP_CPU_ClkFreq
                0x080009e8       0x18 BSP\bsp.o
                0x080009e8                BSP_CPU_ClkFreq
 .text.BSP_LED_Init
                0x08000a00       0x54 BSP\bsp.o
 .text.BSP_LED_Off
                0x08000a54       0x80 BSP\bsp.o
                0x08000a54                BSP_LED_Off
 .text.BSP_StatusInit
                0x08000ad4       0x28 BSP\bsp.o
 .text.CPU_TS_TmrInit
                0x08000afc       0x44 BSP\bsp.o
                0x08000afc                CPU_TS_TmrInit
 .text.CPU_TS_TmrRd
                0x08000b40       0x14 BSP\bsp.o
                0x08000b40                CPU_TS_TmrRd
 .text.BSP_IntDisAll
                0x08000b54        0xc BSP\bsp_int.o
                0x08000b54                BSP_IntDisAll
 .text.BSP_IntVectSet
                0x08000b60       0x40 BSP\bsp_int.o
                0x08000b60                BSP_IntVectSet
 .text.BSP_IntInit
                0x08000ba0       0x2c BSP\bsp_int.o
                0x08000ba0                BSP_IntInit
 .text.BSP_IntHandlerWWDG
                0x08000bcc        0xe BSP\bsp_int.o
                0x08000bcc                BSP_IntHandlerWWDG
 .text.BSP_IntHandlerPVD
                0x08000bda        0xe BSP\bsp_int.o
                0x08000bda                BSP_IntHandlerPVD
 .text.BSP_IntHandlerTAMPER
                0x08000be8        0xe BSP\bsp_int.o
                0x08000be8                BSP_IntHandlerTAMPER
 .text.BSP_IntHandlerRTC
                0x08000bf6        0xe BSP\bsp_int.o
                0x08000bf6                BSP_IntHandlerRTC
 .text.BSP_IntHandlerFLASH
                0x08000c04        0xe BSP\bsp_int.o
                0x08000c04                BSP_IntHandlerFLASH
 .text.BSP_IntHandlerRCC
                0x08000c12        0xe BSP\bsp_int.o
                0x08000c12                BSP_IntHandlerRCC
 .text.BSP_IntHandlerEXTI0
                0x08000c20        0xe BSP\bsp_int.o
                0x08000c20                BSP_IntHandlerEXTI0
 .text.BSP_IntHandlerEXTI1
                0x08000c2e        0xe BSP\bsp_int.o
                0x08000c2e                BSP_IntHandlerEXTI1
 .text.BSP_IntHandlerEXTI2
                0x08000c3c        0xe BSP\bsp_int.o
                0x08000c3c                BSP_IntHandlerEXTI2
 .text.BSP_IntHandlerEXTI3
                0x08000c4a        0xe BSP\bsp_int.o
                0x08000c4a                BSP_IntHandlerEXTI3
 .text.BSP_IntHandlerEXTI4
                0x08000c58        0xe BSP\bsp_int.o
                0x08000c58                BSP_IntHandlerEXTI4
 .text.BSP_IntHandlerDMA1_CH1
                0x08000c66        0xe BSP\bsp_int.o
                0x08000c66                BSP_IntHandlerDMA1_CH1
 .text.BSP_IntHandlerDMA1_CH2
                0x08000c74        0xe BSP\bsp_int.o
                0x08000c74                BSP_IntHandlerDMA1_CH2
 .text.BSP_IntHandlerDMA1_CH3
                0x08000c82        0xe BSP\bsp_int.o
                0x08000c82                BSP_IntHandlerDMA1_CH3
 .text.BSP_IntHandlerDMA1_CH4
                0x08000c90        0xe BSP\bsp_int.o
                0x08000c90                BSP_IntHandlerDMA1_CH4
 .text.BSP_IntHandlerDMA1_CH5
                0x08000c9e        0xe BSP\bsp_int.o
                0x08000c9e                BSP_IntHandlerDMA1_CH5
 .text.BSP_IntHandlerDMA1_CH6
                0x08000cac        0xe BSP\bsp_int.o
                0x08000cac                BSP_IntHandlerDMA1_CH6
 .text.BSP_IntHandlerDMA1_CH7
                0x08000cba        0xe BSP\bsp_int.o
                0x08000cba                BSP_IntHandlerDMA1_CH7
 .text.BSP_IntHandlerADC1_2
                0x08000cc8        0xe BSP\bsp_int.o
                0x08000cc8                BSP_IntHandlerADC1_2
 .text.BSP_IntHandlerCAN1_TX
                0x08000cd6        0xe BSP\bsp_int.o
                0x08000cd6                BSP_IntHandlerCAN1_TX
 .text.BSP_IntHandlerCAN1_RX0
                0x08000ce4        0xe BSP\bsp_int.o
                0x08000ce4                BSP_IntHandlerCAN1_RX0
 .text.BSP_IntHandlerCAN1_RX1
                0x08000cf2        0xe BSP\bsp_int.o
                0x08000cf2                BSP_IntHandlerCAN1_RX1
 .text.BSP_IntHandlerCAN1_SCE
                0x08000d00        0xe BSP\bsp_int.o
                0x08000d00                BSP_IntHandlerCAN1_SCE
 .text.BSP_IntHandlerEXTI9_5
                0x08000d0e        0xe BSP\bsp_int.o
                0x08000d0e                BSP_IntHandlerEXTI9_5
 .text.BSP_IntHandlerTIM1_BRK
                0x08000d1c        0xe BSP\bsp_int.o
                0x08000d1c                BSP_IntHandlerTIM1_BRK
 .text.BSP_IntHandlerTIM1_UP
                0x08000d2a        0xe BSP\bsp_int.o
                0x08000d2a                BSP_IntHandlerTIM1_UP
 .text.BSP_IntHandlerTIM1_TRG_COM
                0x08000d38        0xe BSP\bsp_int.o
                0x08000d38                BSP_IntHandlerTIM1_TRG_COM
 .text.BSP_IntHandlerTIM1_CC
                0x08000d46        0xe BSP\bsp_int.o
                0x08000d46                BSP_IntHandlerTIM1_CC
 .text.BSP_IntHandlerTIM2
                0x08000d54        0xe BSP\bsp_int.o
                0x08000d54                BSP_IntHandlerTIM2
 .text.BSP_IntHandlerTIM3
                0x08000d62        0xe BSP\bsp_int.o
                0x08000d62                BSP_IntHandlerTIM3
 .text.BSP_IntHandlerTIM4
                0x08000d70        0xe BSP\bsp_int.o
                0x08000d70                BSP_IntHandlerTIM4
 .text.BSP_IntHandlerI2C1_EV
                0x08000d7e        0xe BSP\bsp_int.o
                0x08000d7e                BSP_IntHandlerI2C1_EV
 .text.BSP_IntHandlerI2C1_ER
                0x08000d8c        0xe BSP\bsp_int.o
                0x08000d8c                BSP_IntHandlerI2C1_ER
 .text.BSP_IntHandlerI2C2_EV
                0x08000d9a        0xe BSP\bsp_int.o
                0x08000d9a                BSP_IntHandlerI2C2_EV
 .text.BSP_IntHandlerI2C2_ER
                0x08000da8        0xe BSP\bsp_int.o
                0x08000da8                BSP_IntHandlerI2C2_ER
 .text.BSP_IntHandlerSPI1
                0x08000db6        0xe BSP\bsp_int.o
                0x08000db6                BSP_IntHandlerSPI1
 .text.BSP_IntHandlerSPI2
                0x08000dc4        0xe BSP\bsp_int.o
                0x08000dc4                BSP_IntHandlerSPI2
 .text.BSP_IntHandlerUSART1
                0x08000dd2        0xe BSP\bsp_int.o
                0x08000dd2                BSP_IntHandlerUSART1
 .text.BSP_IntHandlerUSART2
                0x08000de0        0xe BSP\bsp_int.o
                0x08000de0                BSP_IntHandlerUSART2
 .text.BSP_IntHandlerUSART3
                0x08000dee        0xe BSP\bsp_int.o
                0x08000dee                BSP_IntHandlerUSART3
 .text.BSP_IntHandlerEXTI15_10
                0x08000dfc        0xe BSP\bsp_int.o
                0x08000dfc                BSP_IntHandlerEXTI15_10
 .text.BSP_IntHandlerRTCAlarm
                0x08000e0a        0xe BSP\bsp_int.o
                0x08000e0a                BSP_IntHandlerRTCAlarm
 .text.BSP_IntHandlerUSBWakeUp
                0x08000e18        0xe BSP\bsp_int.o
                0x08000e18                BSP_IntHandlerUSBWakeUp
 .text.BSP_IntHandlerTIM5
                0x08000e26        0xe BSP\bsp_int.o
                0x08000e26                BSP_IntHandlerTIM5
 .text.BSP_IntHandlerSPI3
                0x08000e34        0xe BSP\bsp_int.o
                0x08000e34                BSP_IntHandlerSPI3
 .text.BSP_IntHandlerUSART4
                0x08000e42        0xe BSP\bsp_int.o
                0x08000e42                BSP_IntHandlerUSART4
 .text.BSP_IntHandlerUSART5
                0x08000e50        0xe BSP\bsp_int.o
                0x08000e50                BSP_IntHandlerUSART5
 .text.BSP_IntHandlerTIM6
                0x08000e5e        0xe BSP\bsp_int.o
                0x08000e5e                BSP_IntHandlerTIM6
 .text.BSP_IntHandlerTIM7
                0x08000e6c        0xe BSP\bsp_int.o
                0x08000e6c                BSP_IntHandlerTIM7
 .text.BSP_IntHandlerDMA2_CH1
                0x08000e7a        0xe BSP\bsp_int.o
                0x08000e7a                BSP_IntHandlerDMA2_CH1
 .text.BSP_IntHandlerDMA2_CH2
                0x08000e88        0xe BSP\bsp_int.o
                0x08000e88                BSP_IntHandlerDMA2_CH2
 .text.BSP_IntHandlerDMA2_CH3
                0x08000e96        0xe BSP\bsp_int.o
                0x08000e96                BSP_IntHandlerDMA2_CH3
 .text.BSP_IntHandlerDMA2_CH4
                0x08000ea4        0xe BSP\bsp_int.o
                0x08000ea4                BSP_IntHandlerDMA2_CH4
 .text.BSP_IntHandlerDMA2_CH5
                0x08000eb2        0xe BSP\bsp_int.o
                0x08000eb2                BSP_IntHandlerDMA2_CH5
 .text.BSP_IntHandlerETH
                0x08000ec0        0xe BSP\bsp_int.o
                0x08000ec0                BSP_IntHandlerETH
 .text.BSP_IntHandlerETHWakeup
                0x08000ece        0xe BSP\bsp_int.o
                0x08000ece                BSP_IntHandlerETHWakeup
 .text.BSP_IntHandlerCAN2_TX
                0x08000edc        0xe BSP\bsp_int.o
                0x08000edc                BSP_IntHandlerCAN2_TX
 .text.BSP_IntHandlerCAN2_RX0
                0x08000eea        0xe BSP\bsp_int.o
                0x08000eea                BSP_IntHandlerCAN2_RX0
 .text.BSP_IntHandlerCAN2_RX1
                0x08000ef8        0xe BSP\bsp_int.o
                0x08000ef8                BSP_IntHandlerCAN2_RX1
 .text.BSP_IntHandlerCAN2_SCE
                0x08000f06        0xe BSP\bsp_int.o
                0x08000f06                BSP_IntHandlerCAN2_SCE
 .text.BSP_IntHandlerOTG
                0x08000f14        0xe BSP\bsp_int.o
                0x08000f14                BSP_IntHandlerOTG
 *fill*         0x08000f22        0x2 
 .text.BSP_IntHandler
                0x08000f24       0x50 BSP\bsp_int.o
 .text.BSP_IntHandlerDummy
                0x08000f74        0xc BSP\bsp_int.o
 .text.main     0x08000f80       0x64 src\app.o
                0x08000f80                main
 .text.AppTaskStart
                0x08000fe4       0x64 src\app.o
 .text.AppTaskCreate
                0x08001048        0xc src\app.o
 .text.AppObjCreate
                0x08001054        0xc src\app.o
 .text.CPU_Init
                0x08001060       0x14 uC-CPU\cpu_core.o
                0x08001060                CPU_Init
 .text.CPU_NameClr
                0x08001074       0x34 uC-CPU\cpu_core.o
                0x08001074                CPU_NameClr
 .text.CPU_TS_TmrFreqSet
                0x080010a8       0x1c uC-CPU\cpu_core.o
                0x080010a8                CPU_TS_TmrFreqSet
 .text.CPU_IntDisMeasMaxCurReset
                0x080010c4       0x30 uC-CPU\cpu_core.o
                0x080010c4                CPU_IntDisMeasMaxCurReset
 .text.CPU_IntDisMeasMaxCurGet
                0x080010f4       0x34 uC-CPU\cpu_core.o
                0x080010f4                CPU_IntDisMeasMaxCurGet
 .text.CPU_IntDisMeasMaxGet
                0x08001128       0x34 uC-CPU\cpu_core.o
                0x08001128                CPU_IntDisMeasMaxGet
 .text.CPU_IntDisMeasStart
                0x0800115c       0x40 uC-CPU\cpu_core.o
                0x0800115c                CPU_IntDisMeasStart
 .text.CPU_IntDisMeasStop
                0x0800119c       0x6c uC-CPU\cpu_core.o
                0x0800119c                CPU_IntDisMeasStop
 .text.CPU_NameInit
                0x08001208        0xc uC-CPU\cpu_core.o
 .text.CPU_TS_Init
                0x08001214       0x18 uC-CPU\cpu_core.o
 .text.CPU_IntDisMeasInit
                0x0800122c       0xa4 uC-CPU\cpu_core.o
 .text.CPU_IntDisMeasMaxCalc
                0x080012d0       0x38 uC-CPU\cpu_core.o
 .text.Mem_Init
                0x08001308       0x90 uC-LIB\lib_mem.o
                0x08001308                Mem_Init
 .text.Mem_Clr  0x08001398       0x1c uC-LIB\lib_mem.o
                0x08001398                Mem_Clr
 .text.Mem_Set  0x080013b4       0xc6 uC-LIB\lib_mem.o
                0x080013b4                Mem_Set
 *fill*         0x0800147a        0x2 
 .text.OSIdleTaskHook
                0x0800147c       0x1c uCOS-III\Ports\ARM-Cortex-M3\Generic\GNU\os_cpu_c.o
                0x0800147c                OSIdleTaskHook
 .text.OSInitHook
                0x08001498       0x58 uCOS-III\Ports\ARM-Cortex-M3\Generic\GNU\os_cpu_c.o
                0x08001498                OSInitHook
 .text.OSStatTaskHook
                0x080014f0       0x1c uCOS-III\Ports\ARM-Cortex-M3\Generic\GNU\os_cpu_c.o
                0x080014f0                OSStatTaskHook
 .text.OSTaskCreateHook
                0x0800150c       0x24 uCOS-III\Ports\ARM-Cortex-M3\Generic\GNU\os_cpu_c.o
                0x0800150c                OSTaskCreateHook
 .text.OSTaskDelHook
                0x08001530       0x24 uCOS-III\Ports\ARM-Cortex-M3\Generic\GNU\os_cpu_c.o
                0x08001530                OSTaskDelHook
 .text.OSTaskReturnHook
                0x08001554       0x24 uCOS-III\Ports\ARM-Cortex-M3\Generic\GNU\os_cpu_c.o
                0x08001554                OSTaskReturnHook
 .text.OSTaskStkInit
                0x08001578      0x100 uCOS-III\Ports\ARM-Cortex-M3\Generic\GNU\os_cpu_c.o
                0x08001578                OSTaskStkInit
 .text.OSTaskSwHook
                0x08001678       0xb8 uCOS-III\Ports\ARM-Cortex-M3\Generic\GNU\os_cpu_c.o
                0x08001678                OSTaskSwHook
 .text.OSTimeTickHook
                0x08001730       0x1c uCOS-III\Ports\ARM-Cortex-M3\Generic\GNU\os_cpu_c.o
                0x08001730                OSTimeTickHook
 .text.OS_CPU_SysTickHandler
                0x0800174c       0x40 uCOS-III\Ports\ARM-Cortex-M3\Generic\GNU\os_cpu_c.o
                0x0800174c                OS_CPU_SysTickHandler
 .text.OS_CPU_SysTickInit
                0x0800178c       0x54 uCOS-III\Ports\ARM-Cortex-M3\Generic\GNU\os_cpu_c.o
                0x0800178c                OS_CPU_SysTickInit
 .text.OSCfg_Init
                0x080017e0        0xc uCOS-III\Source\os_cfg_app.o
                0x080017e0                OSCfg_Init
 .text.OSInit   0x080017ec      0x21c uCOS-III\Source\os_core.o
                0x080017ec                OSInit
 .text.OSIntEnter
                0x08001a08       0x38 uCOS-III\Source\os_core.o
                0x08001a08                OSIntEnter
 .text.OSIntExit
                0x08001a40       0xe0 uCOS-III\Source\os_core.o
                0x08001a40                OSIntExit
 .text.OSSched  0x08001b20       0xac uCOS-III\Source\os_core.o
                0x08001b20                OSSched
 .text.OSSchedLock
                0x08001bcc       0x80 uCOS-III\Source\os_core.o
                0x08001bcc                OSSchedLock
 .text.OSSchedUnlock
                0x08001c4c       0xa0 uCOS-III\Source\os_core.o
                0x08001c4c                OSSchedUnlock
 .text.OSStart  0x08001cec       0x80 uCOS-III\Source\os_core.o
                0x08001cec                OSStart
 .text.OS_IdleTask
                0x08001d6c       0x44 uCOS-III\Source\os_core.o
                0x08001d6c                OS_IdleTask
 .text.OS_IdleTaskInit
                0x08001db0       0x68 uCOS-III\Source\os_core.o
                0x08001db0                OS_IdleTaskInit
 .text.OS_Pend  0x08001e18       0x84 uCOS-III\Source\os_core.o
                0x08001e18                OS_Pend
 .text.OS_PendDataInit
                0x08001e9c       0x68 uCOS-III\Source\os_core.o
                0x08001e9c                OS_PendDataInit
 .text.OS_PendDbgNameAdd
                0x08001f04       0x7c uCOS-III\Source\os_core.o
                0x08001f04                OS_PendDbgNameAdd
 .text.OS_PendDbgNameRemove
                0x08001f80       0x48 uCOS-III\Source\os_core.o
                0x08001f80                OS_PendDbgNameRemove
 .text.OS_PendListInsertPrio
                0x08001fc8       0xe6 uCOS-III\Source\os_core.o
                0x08001fc8                OS_PendListInsertPrio
 .text.OS_PendListRemove
                0x080020ae       0x50 uCOS-III\Source\os_core.o
                0x080020ae                OS_PendListRemove
 .text.OS_PendListRemove1
                0x080020fe       0x92 uCOS-III\Source\os_core.o
                0x080020fe                OS_PendListRemove1
 .text.OS_Post  0x08002190      0x118 uCOS-III\Source\os_core.o
                0x08002190                OS_Post
 .text.OS_Post1
                0x080022a8       0x5c uCOS-III\Source\os_core.o
                0x080022a8                OS_Post1
 .text.OS_RdyListInit
                0x08002304       0x48 uCOS-III\Source\os_core.o
                0x08002304                OS_RdyListInit
 .text.OS_RdyListInsert
                0x0800234c       0x3c uCOS-III\Source\os_core.o
                0x0800234c                OS_RdyListInsert
 .text.OS_RdyListInsertHead
                0x08002388       0x80 uCOS-III\Source\os_core.o
                0x08002388                OS_RdyListInsertHead
 .text.OS_RdyListInsertTail
                0x08002408       0x80 uCOS-III\Source\os_core.o
                0x08002408                OS_RdyListInsertTail
 .text.OS_RdyListMoveHeadToTail
                0x08002488       0x8e uCOS-III\Source\os_core.o
                0x08002488                OS_RdyListMoveHeadToTail
 *fill*         0x08002516        0x2 
 .text.OS_RdyListRemove
                0x08002518       0xb0 uCOS-III\Source\os_core.o
                0x08002518                OS_RdyListRemove
 .text.OS_Sched0
                0x080025c8       0x60 uCOS-III\Source\os_core.o
                0x080025c8                OS_Sched0
 .text.OS_SchedLockTimeMeasStart
                0x08002628       0x24 uCOS-III\Source\os_core.o
                0x08002628                OS_SchedLockTimeMeasStart
 .text.OS_SchedLockTimeMeasStop
                0x0800264c       0x54 uCOS-III\Source\os_core.o
                0x0800264c                OS_SchedLockTimeMeasStop
 .text.OS_SchedRoundRobin
                0x080026a0       0xe4 uCOS-III\Source\os_core.o
                0x080026a0                OS_SchedRoundRobin
 .text.OS_TaskBlock
                0x08002784       0x4e uCOS-III\Source\os_core.o
                0x08002784                OS_TaskBlock
 .text.OS_TaskRdy
                0x080027d2       0x2a uCOS-III\Source\os_core.o
                0x080027d2                OS_TaskRdy
 .text.OS_Dbg_Init
                0x080027fc      0x248 uCOS-III\Source\os_dbg.o
                0x080027fc                OS_Dbg_Init
 .text.OS_FlagInit
                0x08002a44       0x2c uCOS-III\Source\os_flag.o
                0x08002a44                OS_FlagInit
 .text.OS_FlagPost
                0x08002a70      0x290 uCOS-III\Source\os_flag.o
                0x08002a70                OS_FlagPost
 .text.OS_FlagTaskRdy
                0x08002d00       0x88 uCOS-III\Source\os_flag.o
                0x08002d00                OS_FlagTaskRdy
 .text.OS_IntQPost
                0x08002d88      0x104 uCOS-III\Source\os_int.o
                0x08002d88                OS_IntQPost
 .text.OS_IntQRePost
                0x08002e8c      0x1c0 uCOS-III\Source\os_int.o
                0x08002e8c                OS_IntQRePost
 .text.OS_IntQTask
                0x0800304c       0xc4 uCOS-III\Source\os_int.o
                0x0800304c                OS_IntQTask
 .text.OS_IntQTaskInit
                0x08003110      0x164 uCOS-III\Source\os_int.o
                0x08003110                OS_IntQTaskInit
 .text.OS_MemInit
                0x08003274       0x2c uCOS-III\Source\os_mem.o
                0x08003274                OS_MemInit
 .text.OS_MsgPoolInit
                0x080032a0       0xcc uCOS-III\Source\os_msg.o
                0x080032a0                OS_MsgPoolInit
 .text.OS_MsgQFreeAll
                0x0800336c       0x74 uCOS-III\Source\os_msg.o
                0x0800336c                OS_MsgQFreeAll
 .text.OS_MsgQInit
                0x080033e0       0x34 uCOS-III\Source\os_msg.o
                0x080033e0                OS_MsgQInit
 .text.OS_MsgQPut
                0x08003414      0x110 uCOS-III\Source\os_msg.o
                0x08003414                OS_MsgQPut
 .text.OS_MutexInit
                0x08003524       0x2c uCOS-III\Source\os_mutex.o
                0x08003524                OS_MutexInit
 .text.OS_PrioInit
                0x08003550       0x30 uCOS-III\Source\os_prio.o
                0x08003550                OS_PrioInit
 .text.OS_PrioGetHighest
                0x08003580       0x48 uCOS-III\Source\os_prio.o
                0x08003580                OS_PrioGetHighest
 .text.OS_PrioInsert
                0x080035c8       0x4c uCOS-III\Source\os_prio.o
                0x080035c8                OS_PrioInsert
 .text.OS_PrioRemove
                0x08003614       0x50 uCOS-III\Source\os_prio.o
                0x08003614                OS_PrioRemove
 .text.OS_QInit
                0x08003664       0x2c uCOS-III\Source\os_q.o
                0x08003664                OS_QInit
 .text.OS_QPost
                0x08003690      0x16c uCOS-III\Source\os_q.o
                0x08003690                OS_QPost
 .text.OS_SemInit
                0x080037fc       0x2c uCOS-III\Source\os_sem.o
                0x080037fc                OS_SemInit
 .text.OS_SemPost
                0x08003828      0x138 uCOS-III\Source\os_sem.o
                0x08003828                OS_SemPost
 .text.OSStatReset
                0x08003960      0x17c uCOS-III\Source\os_stat.o
                0x08003960                OSStatReset
 .text.OSStatTaskCPUUsageInit
                0x08003adc      0x10c uCOS-III\Source\os_stat.o
                0x08003adc                OSStatTaskCPUUsageInit
 .text.OS_StatTask
                0x08003be8      0x3c8 uCOS-III\Source\os_stat.o
                0x08003be8                OS_StatTask
 .text.OS_StatTaskInit
                0x08003fb0       0xd4 uCOS-III\Source\os_stat.o
                0x08003fb0                OS_StatTaskInit
 .text.OSTaskCreate
                0x08004084      0x2cc uCOS-III\Source\os_task.o
                0x08004084                OSTaskCreate
 .text.OSTaskDel
                0x08004350      0x1f8 uCOS-III\Source\os_task.o
                0x08004350                OSTaskDel
 .text.OSTaskResume
                0x08004548       0x88 uCOS-III\Source\os_task.o
                0x08004548                OSTaskResume
 .text.OSTaskSemPend
                0x080045d0      0x240 uCOS-III\Source\os_task.o
                0x080045d0                OSTaskSemPend
 .text.OSTaskStkChk
                0x08004810      0x100 uCOS-III\Source\os_task.o
                0x08004810                OSTaskStkChk
 .text.OSTaskSuspend
                0x08004910       0x74 uCOS-III\Source\os_task.o
                0x08004910                OSTaskSuspend
 .text.OS_TaskDbgListAdd
                0x08004984       0x4c uCOS-III\Source\os_task.o
                0x08004984                OS_TaskDbgListAdd
 .text.OS_TaskDbgListRemove
                0x080049d0       0x84 uCOS-III\Source\os_task.o
                0x080049d0                OS_TaskDbgListRemove
 .text.OS_TaskInit
                0x08004a54       0x38 uCOS-III\Source\os_task.o
                0x08004a54                OS_TaskInit
 .text.OS_TaskInitTCB
                0x08004a8c      0x1a8 uCOS-III\Source\os_task.o
                0x08004a8c                OS_TaskInitTCB
 .text.OS_TaskQPost
                0x08004c34      0x22c uCOS-III\Source\os_task.o
                0x08004c34                OS_TaskQPost
 .text.OS_TaskResume
                0x08004e60      0x188 uCOS-III\Source\os_task.o
                0x08004e60                OS_TaskResume
 .text.OS_TaskReturn
                0x08004fe8       0x28 uCOS-III\Source\os_task.o
                0x08004fe8                OS_TaskReturn
 .text.OS_TaskSemPost
                0x08005010      0x2f4 uCOS-III\Source\os_task.o
                0x08005010                OS_TaskSemPost
 .text.OS_TaskSuspend
                0x08005304      0x17c uCOS-III\Source\os_task.o
                0x08005304                OS_TaskSuspend
 .text.OS_TickTask
                0x08005480       0x30 uCOS-III\Source\os_tick.o
                0x08005480                OS_TickTask
 .text.OS_TickTaskInit
                0x080054b0       0xb8 uCOS-III\Source\os_tick.o
                0x080054b0                OS_TickTaskInit
 .text.OS_TickListInit
                0x08005568       0x4c uCOS-III\Source\os_tick.o
                0x08005568                OS_TickListInit
 .text.OS_TickListInsert
                0x080055b4      0x1f0 uCOS-III\Source\os_tick.o
                0x080055b4                OS_TickListInsert
 .text.OS_TickListRemove
                0x080057a4       0x8a uCOS-III\Source\os_tick.o
                0x080057a4                OS_TickListRemove
 *fill*         0x0800582e        0x2 
 .text.OS_TickListResetPeak
                0x08005830       0x40 uCOS-III\Source\os_tick.o
                0x08005830                OS_TickListResetPeak
 .text.OS_TickListUpdate
                0x08005870      0x26c uCOS-III\Source\os_tick.o
                0x08005870                OS_TickListUpdate
 .text.OSTimeDly
                0x08005adc      0x154 uCOS-III\Source\os_time.o
                0x08005adc                OSTimeDly
 .text.OSTimeDlyHMSM
                0x08005c30      0x274 uCOS-III\Source\os_time.o
                0x08005c30                OSTimeDlyHMSM
 .text.OSTimeTick
                0x08005ea4       0x50 uCOS-III\Source\os_time.o
                0x08005ea4                OSTimeTick
 .text.OS_TmrInit
                0x08005ef4      0x140 uCOS-III\Source\os_tmr.o
                0x08005ef4                OS_TmrInit
 .text.OS_TmrLink
                0x08006034      0x168 uCOS-III\Source\os_tmr.o
                0x08006034                OS_TmrLink
 .text.OS_TmrResetPeak
                0x0800619c       0x40 uCOS-III\Source\os_tmr.o
                0x0800619c                OS_TmrResetPeak
 .text.OS_TmrUnlink
                0x080061dc       0x9c uCOS-III\Source\os_tmr.o
                0x080061dc                OS_TmrUnlink
 .text.OS_TmrTask
                0x08006278      0x104 uCOS-III\Source\os_tmr.o
                0x08006278                OS_TmrTask
 .text.__libc_init_array
                0x0800637c       0x48 d:/program files (x86)/atollic/truestudio for arm 8.0.0/armtools/bin/../lib/gcc/arm-atollic-eabi/6.3.1/../../../../arm-atollic-eabi/lib/armv7-m\libc_nano.a(lib_a-init.o)
                0x0800637c                __libc_init_array
 *(.glue_7)
 .glue_7        0x080063c4        0x0 linker stubs
 *(.glue_7t)
 .glue_7t       0x080063c4        0x0 linker stubs
 *(.eh_frame)
 .eh_frame      0x080063c4        0x0 d:/program files (x86)/atollic/truestudio for arm 8.0.0/armtools/bin/../lib/gcc/arm-atollic-eabi/6.3.1/armv7-m/crtbegin.o
 *(.init)
 .init          0x080063c4        0x4 d:/program files (x86)/atollic/truestudio for arm 8.0.0/armtools/bin/../lib/gcc/arm-atollic-eabi/6.3.1/armv7-m/crti.o
                0x080063c4                _init
 .init          0x080063c8        0x8 d:/program files (x86)/atollic/truestudio for arm 8.0.0/armtools/bin/../lib/gcc/arm-atollic-eabi/6.3.1/armv7-m/crtn.o
 *(.fini)
 .fini          0x080063d0        0x4 d:/program files (x86)/atollic/truestudio for arm 8.0.0/armtools/bin/../lib/gcc/arm-atollic-eabi/6.3.1/armv7-m/crti.o
                0x080063d0                _fini
 .fini          0x080063d4        0x8 d:/program files (x86)/atollic/truestudio for arm 8.0.0/armtools/bin/../lib/gcc/arm-atollic-eabi/6.3.1/armv7-m/crtn.o
                0x080063dc                . = ALIGN (0x4)
                0x080063dc                _etext = .

.vfp11_veneer   0x080063dc        0x0
 .vfp11_veneer  0x080063dc        0x0 linker stubs

.v4_bx          0x080063dc        0x0
 .v4_bx         0x080063dc        0x0 linker stubs

.iplt           0x080063dc        0x0
 .iplt          0x080063dc        0x0 d:/program files (x86)/atollic/truestudio for arm 8.0.0/armtools/bin/../lib/gcc/arm-atollic-eabi/6.3.1/armv7-m/crtbegin.o

.rodata         0x080063dc      0x2a0
                0x080063dc                . = ALIGN (0x4)
 *(.rodata)
 .rodata        0x080063dc        0xf src\app.o
 *fill*         0x080063eb        0x1 
 .rodata        0x080063ec       0x2a uCOS-III\Source\os_core.o
 *fill*         0x08006416        0x2 
 .rodata        0x08006418       0x19 uCOS-III\Source\os_int.o
 *fill*         0x08006431        0x3 
 .rodata        0x08006434       0x14 uCOS-III\Source\os_stat.o
 .rodata        0x08006448        0xa uCOS-III\Source\os_task.o
 *fill*         0x08006452        0x2 
 .rodata        0x08006454       0x14 uCOS-III\Source\os_tick.o
 .rodata        0x08006468       0x1d uCOS-III\Source\os_tmr.o
 *(.rodata*)
 *fill*         0x08006485        0x3 
 .rodata.APBAHBPrescTable
                0x08006488       0x10 BSP\ST\STM32\src\stm32f10x_rcc.o
 .rodata.ADCPrescTable
                0x08006498        0x4 BSP\ST\STM32\src\stm32f10x_rcc.o
 .rodata.OSCfg_IdleTaskStkBasePtr
                0x0800649c        0x4 uCOS-III\Source\os_cfg_app.o
                0x0800649c                OSCfg_IdleTaskStkBasePtr
 .rodata.OSCfg_IdleTaskStkLimit
                0x080064a0        0x4 uCOS-III\Source\os_cfg_app.o
                0x080064a0                OSCfg_IdleTaskStkLimit
 .rodata.OSCfg_IdleTaskStkSize
                0x080064a4        0x4 uCOS-III\Source\os_cfg_app.o
                0x080064a4                OSCfg_IdleTaskStkSize
 .rodata.OSCfg_IntQBasePtr
                0x080064a8        0x4 uCOS-III\Source\os_cfg_app.o
                0x080064a8                OSCfg_IntQBasePtr
 .rodata.OSCfg_IntQSize
                0x080064ac        0x2 uCOS-III\Source\os_cfg_app.o
                0x080064ac                OSCfg_IntQSize
 *fill*         0x080064ae        0x2 
 .rodata.OSCfg_IntQTaskStkBasePtr
                0x080064b0        0x4 uCOS-III\Source\os_cfg_app.o
                0x080064b0                OSCfg_IntQTaskStkBasePtr
 .rodata.OSCfg_IntQTaskStkLimit
                0x080064b4        0x4 uCOS-III\Source\os_cfg_app.o
                0x080064b4                OSCfg_IntQTaskStkLimit
 .rodata.OSCfg_IntQTaskStkSize
                0x080064b8        0x4 uCOS-III\Source\os_cfg_app.o
                0x080064b8                OSCfg_IntQTaskStkSize
 .rodata.OSCfg_ISRStkBasePtr
                0x080064bc        0x4 uCOS-III\Source\os_cfg_app.o
                0x080064bc                OSCfg_ISRStkBasePtr
 .rodata.OSCfg_ISRStkSize
                0x080064c0        0x4 uCOS-III\Source\os_cfg_app.o
                0x080064c0                OSCfg_ISRStkSize
 .rodata.OSCfg_MsgPoolSize
                0x080064c4        0x2 uCOS-III\Source\os_cfg_app.o
                0x080064c4                OSCfg_MsgPoolSize
 *fill*         0x080064c6        0x2 
 .rodata.OSCfg_MsgPoolBasePtr
                0x080064c8        0x4 uCOS-III\Source\os_cfg_app.o
                0x080064c8                OSCfg_MsgPoolBasePtr
 .rodata.OSCfg_StatTaskPrio
                0x080064cc        0x1 uCOS-III\Source\os_cfg_app.o
                0x080064cc                OSCfg_StatTaskPrio
 *fill*         0x080064cd        0x3 
 .rodata.OSCfg_StatTaskRate_Hz
                0x080064d0        0x4 uCOS-III\Source\os_cfg_app.o
                0x080064d0                OSCfg_StatTaskRate_Hz
 .rodata.OSCfg_StatTaskStkBasePtr
                0x080064d4        0x4 uCOS-III\Source\os_cfg_app.o
                0x080064d4                OSCfg_StatTaskStkBasePtr
 .rodata.OSCfg_StatTaskStkLimit
                0x080064d8        0x4 uCOS-III\Source\os_cfg_app.o
                0x080064d8                OSCfg_StatTaskStkLimit
 .rodata.OSCfg_StatTaskStkSize
                0x080064dc        0x4 uCOS-III\Source\os_cfg_app.o
                0x080064dc                OSCfg_StatTaskStkSize
 .rodata.OSCfg_StkSizeMin
                0x080064e0        0x4 uCOS-III\Source\os_cfg_app.o
                0x080064e0                OSCfg_StkSizeMin
 .rodata.OSCfg_TickRate_Hz
                0x080064e4        0x4 uCOS-III\Source\os_cfg_app.o
                0x080064e4                OSCfg_TickRate_Hz
 .rodata.OSCfg_TickTaskPrio
                0x080064e8        0x1 uCOS-III\Source\os_cfg_app.o
                0x080064e8                OSCfg_TickTaskPrio
 *fill*         0x080064e9        0x3 
 .rodata.OSCfg_TickTaskStkBasePtr
                0x080064ec        0x4 uCOS-III\Source\os_cfg_app.o
                0x080064ec                OSCfg_TickTaskStkBasePtr
 .rodata.OSCfg_TickTaskStkLimit
                0x080064f0        0x4 uCOS-III\Source\os_cfg_app.o
                0x080064f0                OSCfg_TickTaskStkLimit
 .rodata.OSCfg_TickTaskStkSize
                0x080064f4        0x4 uCOS-III\Source\os_cfg_app.o
                0x080064f4                OSCfg_TickTaskStkSize
 .rodata.OSCfg_TickWheelSize
                0x080064f8        0x2 uCOS-III\Source\os_cfg_app.o
                0x080064f8                OSCfg_TickWheelSize
 .rodata.OSCfg_TmrTaskPrio
                0x080064fa        0x1 uCOS-III\Source\os_cfg_app.o
                0x080064fa                OSCfg_TmrTaskPrio
 *fill*         0x080064fb        0x1 
 .rodata.OSCfg_TmrTaskRate_Hz
                0x080064fc        0x4 uCOS-III\Source\os_cfg_app.o
                0x080064fc                OSCfg_TmrTaskRate_Hz
 .rodata.OSCfg_TmrTaskStkBasePtr
                0x08006500        0x4 uCOS-III\Source\os_cfg_app.o
                0x08006500                OSCfg_TmrTaskStkBasePtr
 .rodata.OSCfg_TmrTaskStkLimit
                0x08006504        0x4 uCOS-III\Source\os_cfg_app.o
                0x08006504                OSCfg_TmrTaskStkLimit
 .rodata.OSCfg_TmrTaskStkSize
                0x08006508        0x4 uCOS-III\Source\os_cfg_app.o
                0x08006508                OSCfg_TmrTaskStkSize
 .rodata.OSCfg_TmrWheelSize
                0x0800650c        0x2 uCOS-III\Source\os_cfg_app.o
                0x0800650c                OSCfg_TmrWheelSize
 .rodata.OSDbg_DbgEn
                0x0800650e        0x1 uCOS-III\Source\os_dbg.o
                0x0800650e                OSDbg_DbgEn
 .rodata.OSDbg_ArgChkEn
                0x0800650f        0x1 uCOS-III\Source\os_dbg.o
                0x0800650f                OSDbg_ArgChkEn
 .rodata.OSDbg_AppHooksEn
                0x08006510        0x1 uCOS-III\Source\os_dbg.o
                0x08006510                OSDbg_AppHooksEn
 *fill*         0x08006511        0x3 
 .rodata.OSDbg_EndiannessTest
                0x08006514        0x4 uCOS-III\Source\os_dbg.o
                0x08006514                OSDbg_EndiannessTest
 .rodata.OSDbg_CalledFromISRChkEn
                0x08006518        0x1 uCOS-III\Source\os_dbg.o
                0x08006518                OSDbg_CalledFromISRChkEn
 .rodata.OSDbg_FlagEn
                0x08006519        0x1 uCOS-III\Source\os_dbg.o
                0x08006519                OSDbg_FlagEn
 *fill*         0x0800651a        0x2 
 .rodata.OSDbg_FlagGrp
                0x0800651c       0x28 uCOS-III\Source\os_dbg.o
                0x0800651c                OSDbg_FlagGrp
 .rodata.OSDbg_FlagDelEn
                0x08006544        0x1 uCOS-III\Source\os_dbg.o
                0x08006544                OSDbg_FlagDelEn
 .rodata.OSDbg_FlagModeClrEn
                0x08006545        0x1 uCOS-III\Source\os_dbg.o
                0x08006545                OSDbg_FlagModeClrEn
 .rodata.OSDbg_FlagPendAbortEn
                0x08006546        0x1 uCOS-III\Source\os_dbg.o
                0x08006546                OSDbg_FlagPendAbortEn
 *fill*         0x08006547        0x1 
 .rodata.OSDbg_FlagGrpSize
                0x08006548        0x2 uCOS-III\Source\os_dbg.o
                0x08006548                OSDbg_FlagGrpSize
 .rodata.OSDbg_FlagWidth
                0x0800654a        0x2 uCOS-III\Source\os_dbg.o
                0x0800654a                OSDbg_FlagWidth
 .rodata.OSDbg_IntQ
                0x0800654c        0x2 uCOS-III\Source\os_dbg.o
                0x0800654c                OSDbg_IntQ
 .rodata.OSDbg_ISRPostDeferredEn
                0x0800654e        0x1 uCOS-III\Source\os_dbg.o
                0x0800654e                OSDbg_ISRPostDeferredEn
 *fill*         0x0800654f        0x1 
 .rodata.OSDbg_Mem
                0x08006550       0x20 uCOS-III\Source\os_dbg.o
                0x08006550                OSDbg_Mem
 .rodata.OSDbg_MemEn
                0x08006570        0x1 uCOS-III\Source\os_dbg.o
                0x08006570                OSDbg_MemEn
 *fill*         0x08006571        0x1 
 .rodata.OSDbg_MemSize
                0x08006572        0x2 uCOS-III\Source\os_dbg.o
                0x08006572                OSDbg_MemSize
 .rodata.OSDbg_MsgEn
                0x08006574        0x1 uCOS-III\Source\os_dbg.o
                0x08006574                OSDbg_MsgEn
 *fill*         0x08006575        0x1 
 .rodata.OSDbg_MsgSize
                0x08006576        0x2 uCOS-III\Source\os_dbg.o
                0x08006576                OSDbg_MsgSize
 .rodata.OSDbg_MsgPoolSize
                0x08006578        0x2 uCOS-III\Source\os_dbg.o
                0x08006578                OSDbg_MsgPoolSize
 .rodata.OSDbg_MsgQSize
                0x0800657a        0x2 uCOS-III\Source\os_dbg.o
                0x0800657a                OSDbg_MsgQSize
 .rodata.OSDbg_Mutex
                0x0800657c       0x2c uCOS-III\Source\os_dbg.o
                0x0800657c                OSDbg_Mutex
 .rodata.OSDbg_MutexEn
                0x080065a8        0x1 uCOS-III\Source\os_dbg.o
                0x080065a8                OSDbg_MutexEn
 .rodata.OSDbg_MutexDelEn
                0x080065a9        0x1 uCOS-III\Source\os_dbg.o
                0x080065a9                OSDbg_MutexDelEn
 .rodata.OSDbg_MutexPendAbortEn
                0x080065aa        0x1 uCOS-III\Source\os_dbg.o
                0x080065aa                OSDbg_MutexPendAbortEn
 *fill*         0x080065ab        0x1 
 .rodata.OSDbg_MutexSize
                0x080065ac        0x2 uCOS-III\Source\os_dbg.o
                0x080065ac                OSDbg_MutexSize
 .rodata.OSDbg_ObjTypeChkEn
                0x080065ae        0x1 uCOS-III\Source\os_dbg.o
                0x080065ae                OSDbg_ObjTypeChkEn
 .rodata.OSDbg_PendMultiEn
                0x080065af        0x1 uCOS-III\Source\os_dbg.o
                0x080065af                OSDbg_PendMultiEn
 .rodata.OSDbg_PendDataSize
                0x080065b0        0x2 uCOS-III\Source\os_dbg.o
                0x080065b0                OSDbg_PendDataSize
 .rodata.OSDbg_PendListSize
                0x080065b2        0x2 uCOS-III\Source\os_dbg.o
                0x080065b2                OSDbg_PendListSize
 .rodata.OSDbg_PendObjSize
                0x080065b4        0x2 uCOS-III\Source\os_dbg.o
                0x080065b4                OSDbg_PendObjSize
 .rodata.OSDbg_PrioMax
                0x080065b6        0x2 uCOS-III\Source\os_dbg.o
                0x080065b6                OSDbg_PrioMax
 .rodata.OSDbg_PrioTblSize
                0x080065b8        0x2 uCOS-III\Source\os_dbg.o
                0x080065b8                OSDbg_PrioTblSize
 .rodata.OSDbg_PtrSize
                0x080065ba        0x2 uCOS-III\Source\os_dbg.o
                0x080065ba                OSDbg_PtrSize
 .rodata.OSDbg_Q
                0x080065bc       0x30 uCOS-III\Source\os_dbg.o
                0x080065bc                OSDbg_Q
 .rodata.OSDbg_QEn
                0x080065ec        0x1 uCOS-III\Source\os_dbg.o
                0x080065ec                OSDbg_QEn
 .rodata.OSDbg_QDelEn
                0x080065ed        0x1 uCOS-III\Source\os_dbg.o
                0x080065ed                OSDbg_QDelEn
 .rodata.OSDbg_QFlushEn
                0x080065ee        0x1 uCOS-III\Source\os_dbg.o
                0x080065ee                OSDbg_QFlushEn
 .rodata.OSDbg_QPendAbortEn
                0x080065ef        0x1 uCOS-III\Source\os_dbg.o
                0x080065ef                OSDbg_QPendAbortEn
 .rodata.OSDbg_QSize
                0x080065f0        0x2 uCOS-III\Source\os_dbg.o
                0x080065f0                OSDbg_QSize
 .rodata.OSDbg_SchedRoundRobinEn
                0x080065f2        0x1 uCOS-III\Source\os_dbg.o
                0x080065f2                OSDbg_SchedRoundRobinEn
 *fill*         0x080065f3        0x1 
 .rodata.OSDbg_Sem
                0x080065f4       0x28 uCOS-III\Source\os_dbg.o
                0x080065f4                OSDbg_Sem
 .rodata.OSDbg_SemEn
                0x0800661c        0x1 uCOS-III\Source\os_dbg.o
                0x0800661c                OSDbg_SemEn
 .rodata.OSDbg_SemDelEn
                0x0800661d        0x1 uCOS-III\Source\os_dbg.o
                0x0800661d                OSDbg_SemDelEn
 .rodata.OSDbg_SemPendAbortEn
                0x0800661e        0x1 uCOS-III\Source\os_dbg.o
                0x0800661e                OSDbg_SemPendAbortEn
 .rodata.OSDbg_SemSetEn
                0x0800661f        0x1 uCOS-III\Source\os_dbg.o
                0x0800661f                OSDbg_SemSetEn
 .rodata.OSDbg_SemSize
                0x08006620        0x2 uCOS-III\Source\os_dbg.o
                0x08006620                OSDbg_SemSize
 .rodata.OSDbg_RdyList
                0x08006622        0x2 uCOS-III\Source\os_dbg.o
                0x08006622                OSDbg_RdyList
 .rodata.OSDbg_RdyListSize
                0x08006624        0x4 uCOS-III\Source\os_dbg.o
                0x08006624                OSDbg_RdyListSize
 .rodata.OSDbg_StkWidth
                0x08006628        0x1 uCOS-III\Source\os_dbg.o
                0x08006628                OSDbg_StkWidth
 .rodata.OSDbg_StatTaskEn
                0x08006629        0x1 uCOS-III\Source\os_dbg.o
                0x08006629                OSDbg_StatTaskEn
 .rodata.OSDbg_StatTaskStkChkEn
                0x0800662a        0x1 uCOS-III\Source\os_dbg.o
                0x0800662a                OSDbg_StatTaskStkChkEn
 .rodata.OSDbg_TaskChangePrioEn
                0x0800662b        0x1 uCOS-III\Source\os_dbg.o
                0x0800662b                OSDbg_TaskChangePrioEn
 .rodata.OSDbg_TaskDelEn
                0x0800662c        0x1 uCOS-III\Source\os_dbg.o
                0x0800662c                OSDbg_TaskDelEn
 .rodata.OSDbg_TaskQEn
                0x0800662d        0x1 uCOS-III\Source\os_dbg.o
                0x0800662d                OSDbg_TaskQEn
 .rodata.OSDbg_TaskQPendAbortEn
                0x0800662e        0x1 uCOS-III\Source\os_dbg.o
                0x0800662e                OSDbg_TaskQPendAbortEn
 .rodata.OSDbg_TaskProfileEn
                0x0800662f        0x1 uCOS-III\Source\os_dbg.o
                0x0800662f                OSDbg_TaskProfileEn
 .rodata.OSDbg_TaskRegTblSize
                0x08006630        0x2 uCOS-III\Source\os_dbg.o
                0x08006630                OSDbg_TaskRegTblSize
 .rodata.OSDbg_TaskSemPendAbortEn
                0x08006632        0x1 uCOS-III\Source\os_dbg.o
                0x08006632                OSDbg_TaskSemPendAbortEn
 .rodata.OSDbg_TaskSuspendEn
                0x08006633        0x1 uCOS-III\Source\os_dbg.o
                0x08006633                OSDbg_TaskSuspendEn
 .rodata.OSDbg_TCBSize
                0x08006634        0x2 uCOS-III\Source\os_dbg.o
                0x08006634                OSDbg_TCBSize
 .rodata.OSDbg_TickSpokeSize
                0x08006636        0x2 uCOS-III\Source\os_dbg.o
                0x08006636                OSDbg_TickSpokeSize
 .rodata.OSDbg_TimeDlyHMSMEn
                0x08006638        0x1 uCOS-III\Source\os_dbg.o
                0x08006638                OSDbg_TimeDlyHMSMEn
 .rodata.OSDbg_TimeDlyResumeEn
                0x08006639        0x1 uCOS-III\Source\os_dbg.o
                0x08006639                OSDbg_TimeDlyResumeEn
 *fill*         0x0800663a        0x2 
 .rodata.OSDbg_Tmr
                0x0800663c       0x34 uCOS-III\Source\os_dbg.o
                0x0800663c                OSDbg_Tmr
 .rodata.OSDbg_TmrEn
                0x08006670        0x1 uCOS-III\Source\os_dbg.o
                0x08006670                OSDbg_TmrEn
 .rodata.OSDbg_TmrDelEn
                0x08006671        0x1 uCOS-III\Source\os_dbg.o
                0x08006671                OSDbg_TmrDelEn
 .rodata.OSDbg_TmrSize
                0x08006672        0x2 uCOS-III\Source\os_dbg.o
                0x08006672                OSDbg_TmrSize
 .rodata.OSDbg_TmrSpokeSize
                0x08006674        0x2 uCOS-III\Source\os_dbg.o
                0x08006674                OSDbg_TmrSpokeSize
 .rodata.OSDbg_VersionNbr
                0x08006676        0x2 uCOS-III\Source\os_dbg.o
                0x08006676                OSDbg_VersionNbr
 .rodata.OSDbg_DataSize
                0x08006678        0x4 uCOS-III\Source\os_dbg.o
                0x08006678                OSDbg_DataSize
                0x0800667c                . = ALIGN (0x4)

.rel.dyn        0x0800667c        0x0
 .rel.iplt      0x0800667c        0x0 d:/program files (x86)/atollic/truestudio for arm 8.0.0/armtools/bin/../lib/gcc/arm-atollic-eabi/6.3.1/armv7-m/crtbegin.o

.ARM.extab
 *(.ARM.extab* .gnu.linkonce.armextab.*)

.ARM            0x0800667c        0x0
                0x0800667c                __exidx_start = .
 *(.ARM.exidx*)
                0x0800667c                __exidx_end = .

.preinit_array  0x0800667c        0x0
                0x0800667c                PROVIDE (__preinit_array_start, .)
 *(.preinit_array*)
                0x0800667c                PROVIDE (__preinit_array_end, .)

.init_array     0x0800667c        0x4
                0x0800667c                PROVIDE (__init_array_start, .)
 *(SORT(.init_array.*))
 *(.init_array*)
 .init_array    0x0800667c        0x4 d:/program files (x86)/atollic/truestudio for arm 8.0.0/armtools/bin/../lib/gcc/arm-atollic-eabi/6.3.1/armv7-m/crtbegin.o
                0x08006680                PROVIDE (__init_array_end, .)

.fini_array     0x08006680        0x4
                [!provide]                PROVIDE (__fini_array_start, .)
 *(SORT(.fini_array.*))
 *(.fini_array*)
 .fini_array    0x08006680        0x4 d:/program files (x86)/atollic/truestudio for arm 8.0.0/armtools/bin/../lib/gcc/arm-atollic-eabi/6.3.1/armv7-m/crtbegin.o
                [!provide]                PROVIDE (__fini_array_end, .)
                0x08006684                _sidata = LOADADDR (.data)

.data           0x20000000        0x0 load address 0x08006684
                0x20000000                . = ALIGN (0x4)
                0x20000000                _sdata = .
 *(.data)
 *(.data*)
                0x20000000                . = ALIGN (0x4)
                0x20000000                _edata = .

.igot.plt       0x20000000        0x0 load address 0x08006684
 .igot.plt      0x20000000        0x0 d:/program files (x86)/atollic/truestudio for arm 8.0.0/armtools/bin/../lib/gcc/arm-atollic-eabi/6.3.1/armv7-m/crtbegin.o
                0x20000000                . = ALIGN (0x4)

.bss            0x20000000     0x8b4c load address 0x08006684
                0x20000000                _sbss = .
                0x20000000                __bss_start__ = _sbss
 *(.bss)
 .bss           0x20000000       0x1c d:/program files (x86)/atollic/truestudio for arm 8.0.0/armtools/bin/../lib/gcc/arm-atollic-eabi/6.3.1/armv7-m/crtbegin.o
 *(.bss*)
 .bss.BSP_IntVectTbl
                0x2000001c      0x110 BSP\bsp_int.o
 .bss.AppTaskStartTCB
                0x2000012c       0xc8 src\app.o
 .bss.AppTaskStartStk
                0x200001f4      0x200 src\app.o
 *(COMMON)
 COMMON         0x200003f4        0x4 BSP\bsp.o
                0x200003f4                BSP_CPU_ClkFreq_MHz
 COMMON         0x200003f8       0x30 uC-CPU\cpu_core.o
                0x200003f8                CPU_IntDisMeasMax_cnts
                0x200003fc                CPU_TS_TmrFreq_Hz
                0x20000400                CPU_IntDisMeasStart_cnts
                0x20000404                CPU_IntDisNestCtr
                0x20000408                CPU_IntDisMeasStop_cnts
                0x2000040c                CPU_IntDisMeasMaxCur_cnts
                0x20000410                CPU_IntDisMeasCtr
                0x20000414                CPU_IntDisMeasOvrhd_cnts
                0x20000418                CPU_Name
 COMMON         0x20000428     0x6c4c uC-LIB\lib_mem.o
                0x20000428                Mem_PoolHeap
                0x20000470                Mem_Heap
                0x20007070                Mem_PoolTbl
 COMMON         0x20007074        0x4 uCOS-III\Ports\ARM-Cortex-M3\Generic\GNU\os_cpu_c.o
                0x20007074                OS_CPU_ExceptStkBase
 COMMON         0x20007078     0x1490 uCOS-III\Source\os_cfg_app.o
                0x20007078                OSCfg_IntQTaskStk
                0x20007278                OSCfg_StatTaskStk
                0x20007478                OSCfg_TickWheel
                0x20007500                OSCfg_MsgPool
                0x20007b40                OSCfg_TmrTaskStk
                0x20007d40                OSCfg_TmrWheel
                0x20007dc8                OSCfg_ISRStk
                0x20007fc8                OSCfg_TickTaskStk
                0x200081c8                OSCfg_IntQ
                0x20008308                OSCfg_IdleTaskStk
 COMMON         0x20008508        0x4 uCOS-III\Source\os_prio.o
                0x20008508                OSPrioTbl
 COMMON         0x2000850c      0x640 uCOS-III\Source\os_var.o
                0x2000850c                OSSchedLockNestingCtr
                0x20008510                OS_AppTaskReturnHookPtr
                0x20008514                OSStatTaskTimeMax
                0x20008518                OSStatTaskCtr
                0x2000851c                OSTaskRegNextAvailID
                0x2000851d                OSRunning
                0x20008520                OSRdyList
                0x200086a0                OSIntQInPtr
                0x200086a4                OSPrioHighRdy
                0x200086a5                OSStatTaskRdy
                0x200086a8                OSSemDbgListPtr
                0x200086ac                OS_AppTaskCreateHookPtr
                0x200086b0                OSPrioCur
                0x200086b4                OSTickTaskTCB
                0x2000877c                OSIntQTaskTimeMax
                0x20008780                OSTmrTickCtr
                0x20008784                OSSchedLockTimeBegin
                0x20008788                OSTCBCurPtr
                0x2000878c                OSQQty
                0x2000878e                OSStatTaskCPUUsageMax
                0x20008790                OSIntQNbrEntriesMax
                0x20008792                OSPrioSaved
                0x20008794                OSTCBHighRdyPtr
                0x20008798                OSSchedLockTimeMaxCur
                0x2000879c                OSTaskDbgListPtr
                0x200087a0                OSTmrTaskTimeMax
                0x200087a4                OS_AppTaskDelHookPtr
                0x200087a8                OS_AppTimeTickHookPtr
                0x200087ac                OSStatTaskCPUUsage
                0x200087b0                OSTaskCtxSwCtr
                0x200087b4                OSIntNestingCtr
                0x200087b6                OSTaskQty
                0x200087b8                OSTmrTaskTCB
                0x20008880                OSMsgPool
                0x2000888c                OSIntQOutPtr
                0x20008890                OSIdleTaskTCB
                0x20008958                OSQDbgListPtr
                0x2000895c                OSIntQTaskTCB
                0x20008a24                OSSemQty
                0x20008a28                OSMemDbgListPtr
                0x20008a2c                OSSchedRoundRobinDfltTimeQuanta
                0x20008a30                OS_AppIdleTaskHookPtr
                0x20008a34                OSStatTaskCtrMax
                0x20008a38                OSTickCtr
                0x20008a3c                OS_AppTaskSwHookPtr
                0x20008a40                OSTmrQty
                0x20008a44                OSIntDisTimeMax
                0x20008a48                OSIdleTaskCtr
                0x20008a4c                OSStatTaskCtrRun
                0x20008a50                OS_AppStatTaskHookPtr
                0x20008a54                OSFlagQty
                0x20008a56                OSIntQOvfCtr
                0x20008a58                OSFlagDbgListPtr
                0x20008a5c                OSSchedLockTimeMax
                0x20008a60                OSStatResetFlag
                0x20008a62                OSMemQty
                0x20008a64                OSMutexQty
                0x20008a68                OSStatTaskTCB
                0x20008b30                OSTmrDbgListPtr
                0x20008b34                OSTickTaskTimeMax
                0x20008b38                OSTmrUpdateCnt
                0x20008b3c                OSSchedRoundRobinEn
                0x20008b40                OSMutexDbgListPtr
                0x20008b44                OSIntQNbrEntries
                0x20008b48                OSTmrUpdateCtr
                0x20008b4c                . = ALIGN (0x4)
                0x20008b4c                _ebss = .
                0x20008b4c                __bss_end__ = _ebss

._user_heap_stack
                0x20008b4c      0x200 load address 0x08006684
                0x20008b4c                . = ALIGN (0x4)
                [!provide]                PROVIDE (end, .)
                [!provide]                PROVIDE (_end, .)
                0x20008b4c                . = (. + _Min_Heap_Size)
                0x20008d4c                . = (. + _Min_Stack_Size)
 *fill*         0x20008b4c      0x200 
                0x20008d4c                . = ALIGN (0x4)

.memory_b1_text
 *(.mb1text)
 *(.mb1text*)
 *(.mb1rodata)
 *(.mb1rodata*)

/DISCARD/
 libc.a(*)
 libm.a(*)
 libgcc.a(*)

.ARM.attributes
                0x00000000       0x29
 *(.ARM.attributes)
 .ARM.attributes
                0x00000000       0x1d d:/program files (x86)/atollic/truestudio for arm 8.0.0/armtools/bin/../lib/gcc/arm-atollic-eabi/6.3.1/armv7-m/crti.o
 .ARM.attributes
                0x0000001d       0x2d d:/program files (x86)/atollic/truestudio for arm 8.0.0/armtools/bin/../lib/gcc/arm-atollic-eabi/6.3.1/armv7-m/crtbegin.o
 .ARM.attributes
                0x0000004a       0x33 BSP\ST\STM32\src\stm32f10x_flash.o
 .ARM.attributes
                0x0000007d       0x33 BSP\ST\STM32\src\stm32f10x_gpio.o
 .ARM.attributes
                0x000000b0       0x33 BSP\ST\STM32\src\stm32f10x_rcc.o
 .ARM.attributes
                0x000000e3       0x21 BSP\TrueSTUDIO\cstartup.o
 .ARM.attributes
                0x00000104       0x33 BSP\bsp.o
 .ARM.attributes
                0x00000137       0x33 BSP\bsp_int.o
 .ARM.attributes
                0x0000016a       0x33 src\app.o
 .ARM.attributes
                0x0000019d       0x21 uC-CPU\ARM-Cortex-M3\GNU\cpu_a.o
 .ARM.attributes
                0x000001be       0x33 uC-CPU\cpu_core.o
 .ARM.attributes
                0x000001f1       0x33 uC-LIB\lib_mem.o
 .ARM.attributes
                0x00000224       0x21 uCOS-III\Ports\ARM-Cortex-M3\Generic\GNU\os_cpu_a.o
 .ARM.attributes
                0x00000245       0x33 uCOS-III\Ports\ARM-Cortex-M3\Generic\GNU\os_cpu_c.o
 .ARM.attributes
                0x00000278       0x33 uCOS-III\Source\os_cfg_app.o
 .ARM.attributes
                0x000002ab       0x33 uCOS-III\Source\os_core.o
 .ARM.attributes
                0x000002de       0x33 uCOS-III\Source\os_dbg.o
 .ARM.attributes
                0x00000311       0x33 uCOS-III\Source\os_flag.o
 .ARM.attributes
                0x00000344       0x33 uCOS-III\Source\os_int.o
 .ARM.attributes
                0x00000377       0x33 uCOS-III\Source\os_mem.o
 .ARM.attributes
                0x000003aa       0x33 uCOS-III\Source\os_msg.o
 .ARM.attributes
                0x000003dd       0x33 uCOS-III\Source\os_mutex.o
 .ARM.attributes
                0x00000410       0x33 uCOS-III\Source\os_prio.o
 .ARM.attributes
                0x00000443       0x33 uCOS-III\Source\os_q.o
 .ARM.attributes
                0x00000476       0x33 uCOS-III\Source\os_sem.o
 .ARM.attributes
                0x000004a9       0x33 uCOS-III\Source\os_stat.o
 .ARM.attributes
                0x000004dc       0x33 uCOS-III\Source\os_task.o
 .ARM.attributes
                0x0000050f       0x33 uCOS-III\Source\os_tick.o
 .ARM.attributes
                0x00000542       0x33 uCOS-III\Source\os_time.o
 .ARM.attributes
                0x00000575       0x33 uCOS-III\Source\os_tmr.o
 .ARM.attributes
                0x000005a8       0x33 uCOS-III\Source\os_var.o
 .ARM.attributes
                0x000005db       0x2d d:/program files (x86)/atollic/truestudio for arm 8.0.0/armtools/bin/../lib/gcc/arm-atollic-eabi/6.3.1/../../../../arm-atollic-eabi/lib/armv7-m\libc_nano.a(lib_a-init.o)
 .ARM.attributes
                0x00000608       0x1d d:/program files (x86)/atollic/truestudio for arm 8.0.0/armtools/bin/../lib/gcc/arm-atollic-eabi/6.3.1/armv7-m/crtn.o
OUTPUT(TemplateProject.elf elf32-littlearm)

.debug_info     0x00000000    0x262ee
 .debug_info    0x00000000      0x6a3 BSP\ST\STM32\src\stm32f10x_flash.o
 .debug_info    0x000006a3      0x66f BSP\ST\STM32\src\stm32f10x_gpio.o
 .debug_info    0x00000d12      0xae2 BSP\ST\STM32\src\stm32f10x_rcc.o
 .debug_info    0x000017f4       0x8a BSP\TrueSTUDIO\cstartup.o
 .debug_info    0x0000187e     0x1e91 BSP\bsp.o
 .debug_info    0x0000370f     0x20f6 BSP\bsp_int.o
 .debug_info    0x00005805     0x208a src\app.o
 .debug_info    0x0000788f       0x95 uC-CPU\ARM-Cortex-M3\GNU\cpu_a.o
 .debug_info    0x00007924      0x732 uC-CPU\cpu_core.o
 .debug_info    0x00008056      0xee1 uC-LIB\lib_mem.o
 .debug_info    0x00008f37       0xa8 uCOS-III\Ports\ARM-Cortex-M3\Generic\GNU\os_cpu_a.o
 .debug_info    0x00008fdf     0x14e5 uCOS-III\Ports\ARM-Cortex-M3\Generic\GNU\os_cpu_c.o
 .debug_info    0x0000a4c4     0x1598 uCOS-III\Source\os_cfg_app.o
 .debug_info    0x0000ba5c     0x2230 uCOS-III\Source\os_core.o
 .debug_info    0x0000dc8c     0x182e uCOS-III\Source\os_dbg.o
 .debug_info    0x0000f4ba     0x1cde uCOS-III\Source\os_flag.o
 .debug_info    0x00011198     0x18fc uCOS-III\Source\os_int.o
 .debug_info    0x00012a94     0x1932 uCOS-III\Source\os_mem.o
 .debug_info    0x000143c6     0x194c uCOS-III\Source\os_msg.o
 .debug_info    0x00015d12     0x1add uCOS-III\Source\os_mutex.o
 .debug_info    0x000177ef     0x13e9 uCOS-III\Source\os_prio.o
 .debug_info    0x00018bd8     0x1c17 uCOS-III\Source\os_q.o
 .debug_info    0x0001a7ef     0x1be8 uCOS-III\Source\os_sem.o
 .debug_info    0x0001c3d7     0x194d uCOS-III\Source\os_stat.o
 .debug_info    0x0001dd24     0x217e uCOS-III\Source\os_task.o
 .debug_info    0x0001fea2     0x19cf uCOS-III\Source\os_tick.o
 .debug_info    0x00021871     0x198a uCOS-III\Source\os_time.o
 .debug_info    0x000231fb     0x1c8d uCOS-III\Source\os_tmr.o
 .debug_info    0x00024e88     0x1466 uCOS-III\Source\os_var.o

.debug_abbrev   0x00000000     0x2e77
 .debug_abbrev  0x00000000      0x1ce BSP\ST\STM32\src\stm32f10x_flash.o
 .debug_abbrev  0x000001ce      0x1bd BSP\ST\STM32\src\stm32f10x_gpio.o
 .debug_abbrev  0x0000038b      0x1d8 BSP\ST\STM32\src\stm32f10x_rcc.o
 .debug_abbrev  0x00000563       0x12 BSP\TrueSTUDIO\cstartup.o
 .debug_abbrev  0x00000575      0x24f BSP\bsp.o
 .debug_abbrev  0x000007c4      0x262 BSP\bsp_int.o
 .debug_abbrev  0x00000a26      0x1ff src\app.o
 .debug_abbrev  0x00000c25       0x14 uC-CPU\ARM-Cortex-M3\GNU\cpu_a.o
 .debug_abbrev  0x00000c39      0x20a uC-CPU\cpu_core.o
 .debug_abbrev  0x00000e43      0x1f2 uC-LIB\lib_mem.o
 .debug_abbrev  0x00001035       0x14 uCOS-III\Ports\ARM-Cortex-M3\Generic\GNU\os_cpu_a.o
 .debug_abbrev  0x00001049      0x20d uCOS-III\Ports\ARM-Cortex-M3\Generic\GNU\os_cpu_c.o
 .debug_abbrev  0x00001256      0x10e uCOS-III\Source\os_cfg_app.o
 .debug_abbrev  0x00001364      0x1f4 uCOS-III\Source\os_core.o
 .debug_abbrev  0x00001558      0x112 uCOS-III\Source\os_dbg.o
 .debug_abbrev  0x0000166a      0x1f7 uCOS-III\Source\os_flag.o
 .debug_abbrev  0x00001861      0x1b0 uCOS-III\Source\os_int.o
 .debug_abbrev  0x00001a11      0x187 uCOS-III\Source\os_mem.o
 .debug_abbrev  0x00001b98      0x1bd uCOS-III\Source\os_msg.o
 .debug_abbrev  0x00001d55      0x1f7 uCOS-III\Source\os_mutex.o
 .debug_abbrev  0x00001f4c      0x160 uCOS-III\Source\os_prio.o
 .debug_abbrev  0x000020ac      0x1f7 uCOS-III\Source\os_q.o
 .debug_abbrev  0x000022a3      0x1f7 uCOS-III\Source\os_sem.o
 .debug_abbrev  0x0000249a      0x189 uCOS-III\Source\os_stat.o
 .debug_abbrev  0x00002623      0x1d7 uCOS-III\Source\os_task.o
 .debug_abbrev  0x000027fa      0x1e4 uCOS-III\Source\os_tick.o
 .debug_abbrev  0x000029de      0x1bd uCOS-III\Source\os_time.o
 .debug_abbrev  0x00002b9b      0x1f7 uCOS-III\Source\os_tmr.o
 .debug_abbrev  0x00002d92       0xe5 uCOS-III\Source\os_var.o

.debug_aranges  0x00000000      0xf20
 .debug_aranges
                0x00000000       0xd8 BSP\ST\STM32\src\stm32f10x_flash.o
 .debug_aranges
                0x000000d8       0xa8 BSP\ST\STM32\src\stm32f10x_gpio.o
 .debug_aranges
                0x00000180      0x178 BSP\ST\STM32\src\stm32f10x_rcc.o
 .debug_aranges
                0x000002f8       0x58 BSP\TrueSTUDIO\cstartup.o
 .debug_aranges
                0x00000350       0x68 BSP\bsp.o
 .debug_aranges
                0x000003b8      0x248 BSP\bsp_int.o
 .debug_aranges
                0x00000600       0x38 src\app.o
 .debug_aranges
                0x00000638       0x20 uC-CPU\ARM-Cortex-M3\GNU\cpu_a.o
 .debug_aranges
                0x00000658       0xe8 uC-CPU\cpu_core.o
 .debug_aranges
                0x00000740       0xa8 uC-LIB\lib_mem.o
 .debug_aranges
                0x000007e8       0x20 uCOS-III\Ports\ARM-Cortex-M3\Generic\GNU\os_cpu_a.o
 .debug_aranges
                0x00000808       0x70 uCOS-III\Ports\ARM-Cortex-M3\Generic\GNU\os_cpu_c.o
 .debug_aranges
                0x00000878       0x20 uCOS-III\Source\os_cfg_app.o
 .debug_aranges
                0x00000898      0x158 uCOS-III\Source\os_core.o
 .debug_aranges
                0x000009f0       0x20 uCOS-III\Source\os_dbg.o
 .debug_aranges
                0x00000a10       0x80 uCOS-III\Source\os_flag.o
 .debug_aranges
                0x00000a90       0x38 uCOS-III\Source\os_int.o
 .debug_aranges
                0x00000ac8       0x40 uCOS-III\Source\os_mem.o
 .debug_aranges
                0x00000b08       0x40 uCOS-III\Source\os_msg.o
 .debug_aranges
                0x00000b48       0x60 uCOS-III\Source\os_mutex.o
 .debug_aranges
                0x00000ba8       0x38 uCOS-III\Source\os_prio.o
 .debug_aranges
                0x00000be0       0x70 uCOS-III\Source\os_q.o
 .debug_aranges
                0x00000c50       0x70 uCOS-III\Source\os_sem.o
 .debug_aranges
                0x00000cc0       0x38 uCOS-III\Source\os_stat.o
 .debug_aranges
                0x00000cf8       0xf0 uCOS-III\Source\os_task.o
 .debug_aranges
                0x00000de8       0x50 uCOS-III\Source\os_tick.o
 .debug_aranges
                0x00000e38       0x48 uCOS-III\Source\os_time.o
 .debug_aranges
                0x00000e80       0x88 uCOS-III\Source\os_tmr.o
 .debug_aranges
                0x00000f08       0x18 uCOS-III\Source\os_var.o

.debug_ranges   0x00000000      0xd30
 .debug_ranges  0x00000000       0xc8 BSP\ST\STM32\src\stm32f10x_flash.o
 .debug_ranges  0x000000c8       0x98 BSP\ST\STM32\src\stm32f10x_gpio.o
 .debug_ranges  0x00000160      0x168 BSP\ST\STM32\src\stm32f10x_rcc.o
 .debug_ranges  0x000002c8       0x50 BSP\TrueSTUDIO\cstartup.o
 .debug_ranges  0x00000318       0x58 BSP\bsp.o
 .debug_ranges  0x00000370      0x238 BSP\bsp_int.o
 .debug_ranges  0x000005a8       0x28 src\app.o
 .debug_ranges  0x000005d0       0xd8 uC-CPU\cpu_core.o
 .debug_ranges  0x000006a8       0x98 uC-LIB\lib_mem.o
 .debug_ranges  0x00000740       0x60 uCOS-III\Ports\ARM-Cortex-M3\Generic\GNU\os_cpu_c.o
 .debug_ranges  0x000007a0       0x10 uCOS-III\Source\os_cfg_app.o
 .debug_ranges  0x000007b0      0x148 uCOS-III\Source\os_core.o
 .debug_ranges  0x000008f8       0x10 uCOS-III\Source\os_dbg.o
 .debug_ranges  0x00000908       0x70 uCOS-III\Source\os_flag.o
 .debug_ranges  0x00000978       0x28 uCOS-III\Source\os_int.o
 .debug_ranges  0x000009a0       0x30 uCOS-III\Source\os_mem.o
 .debug_ranges  0x000009d0       0x30 uCOS-III\Source\os_msg.o
 .debug_ranges  0x00000a00       0x50 uCOS-III\Source\os_mutex.o
 .debug_ranges  0x00000a50       0x28 uCOS-III\Source\os_prio.o
 .debug_ranges  0x00000a78       0x60 uCOS-III\Source\os_q.o
 .debug_ranges  0x00000ad8       0x60 uCOS-III\Source\os_sem.o
 .debug_ranges  0x00000b38       0x28 uCOS-III\Source\os_stat.o
 .debug_ranges  0x00000b60       0xe0 uCOS-III\Source\os_task.o
 .debug_ranges  0x00000c40       0x40 uCOS-III\Source\os_tick.o
 .debug_ranges  0x00000c80       0x38 uCOS-III\Source\os_time.o
 .debug_ranges  0x00000cb8       0x78 uCOS-III\Source\os_tmr.o

.debug_line     0x00000000     0x6f6d
 .debug_line    0x00000000      0x34e BSP\ST\STM32\src\stm32f10x_flash.o
 .debug_line    0x0000034e      0x2a6 BSP\ST\STM32\src\stm32f10x_gpio.o
 .debug_line    0x000005f4      0x4a5 BSP\ST\STM32\src\stm32f10x_rcc.o
 .debug_line    0x00000a99       0xda BSP\TrueSTUDIO\cstartup.o
 .debug_line    0x00000b73      0x480 BSP\bsp.o
 .debug_line    0x00000ff3      0x78d BSP\bsp_int.o
 .debug_line    0x00001780      0x383 src\app.o
 .debug_line    0x00001b03       0x73 uC-CPU\ARM-Cortex-M3\GNU\cpu_a.o
 .debug_line    0x00001b76      0x39c uC-CPU\cpu_core.o
 .debug_line    0x00001f12      0x683 uC-LIB\lib_mem.o
 .debug_line    0x00002595       0x9d uCOS-III\Ports\ARM-Cortex-M3\Generic\GNU\os_cpu_a.o
 .debug_line    0x00002632      0x2f7 uCOS-III\Ports\ARM-Cortex-M3\Generic\GNU\os_cpu_c.o
 .debug_line    0x00002929      0x1ec uCOS-III\Source\os_cfg_app.o
 .debug_line    0x00002b15      0x785 uCOS-III\Source\os_core.o
 .debug_line    0x0000329a      0x22e uCOS-III\Source\os_dbg.o
 .debug_line    0x000034c8      0x61e uCOS-III\Source\os_flag.o
 .debug_line    0x00003ae6      0x2f2 uCOS-III\Source\os_int.o
 .debug_line    0x00003dd8      0x2e0 uCOS-III\Source\os_mem.o
 .debug_line    0x000040b8      0x2b5 uCOS-III\Source\os_msg.o
 .debug_line    0x0000436d      0x548 uCOS-III\Source\os_mutex.o
 .debug_line    0x000048b5      0x23d uCOS-III\Source\os_prio.o
 .debug_line    0x00004af2      0x4e5 uCOS-III\Source\os_q.o
 .debug_line    0x00004fd7      0x49c uCOS-III\Source\os_sem.o
 .debug_line    0x00005473      0x318 uCOS-III\Source\os_stat.o
 .debug_line    0x0000578b      0x9ff uCOS-III\Source\os_task.o
 .debug_line    0x0000618a      0x383 uCOS-III\Source\os_tick.o
 .debug_line    0x0000650d      0x3cd uCOS-III\Source\os_time.o
 .debug_line    0x000068da      0x4dd uCOS-III\Source\os_tmr.o
 .debug_line    0x00006db7      0x1b6 uCOS-III\Source\os_var.o

.debug_str      0x00000000     0x53dd
 .debug_str     0x00000000      0x4fa BSP\ST\STM32\src\stm32f10x_flash.o
                                0x54b (size before relaxing)
 .debug_str     0x000004fa      0x360 BSP\ST\STM32\src\stm32f10x_gpio.o
                                0x4df (size before relaxing)
 .debug_str     0x0000085a      0x5d7 BSP\ST\STM32\src\stm32f10x_rcc.o
                                0x792 (size before relaxing)
 .debug_str     0x00000e31     0x135d BSP\bsp.o
                               0x17a1 (size before relaxing)
 .debug_str     0x0000218e      0x5db BSP\bsp_int.o
                               0x1ad1 (size before relaxing)
 .debug_str     0x00002769      0xd23 src\app.o
                               0x2223 (size before relaxing)
 .debug_str     0x0000348c      0x2dc uC-CPU\cpu_core.o
                                0x57d (size before relaxing)
 .debug_str     0x00003768      0x7f6 uC-LIB\lib_mem.o
                                0xafb (size before relaxing)
 .debug_str     0x00003f5e      0x123 uCOS-III\Ports\ARM-Cortex-M3\Generic\GNU\os_cpu_c.o
                               0x11fe (size before relaxing)
 .debug_str     0x00004081       0x53 uCOS-III\Source\os_cfg_app.o
                               0x1106 (size before relaxing)
 .debug_str     0x000040d4      0x354 uCOS-III\Source\os_core.o
                               0x20b4 (size before relaxing)
 .debug_str     0x00004428      0x4ec uCOS-III\Source\os_dbg.o
                               0x159f (size before relaxing)
 .debug_str     0x00004914      0x11d uCOS-III\Source\os_flag.o
                               0x1e8d (size before relaxing)
 .debug_str     0x00004a31       0x83 uCOS-III\Source\os_int.o
                               0x1dc7 (size before relaxing)
 .debug_str     0x00004ab4       0x80 uCOS-III\Source\os_mem.o
                               0x1db4 (size before relaxing)
 .debug_str     0x00004b34       0x8c uCOS-III\Source\os_msg.o
                               0x1dbb (size before relaxing)
 .debug_str     0x00004bc0       0xd0 uCOS-III\Source\os_mutex.o
                               0x1e33 (size before relaxing)
 .debug_str     0x00004c90       0x65 uCOS-III\Source\os_prio.o
                               0x111d (size before relaxing)
 .debug_str     0x00004cf5       0xb8 uCOS-III\Source\os_q.o
                               0x1e47 (size before relaxing)
 .debug_str     0x00004dad       0xbe uCOS-III\Source\os_sem.o
                               0x1e32 (size before relaxing)
 .debug_str     0x00004e6b       0xa4 uCOS-III\Source\os_stat.o
                               0x1deb (size before relaxing)
 .debug_str     0x00004f0f      0x1ed uCOS-III\Source\os_task.o
                               0x1fb7 (size before relaxing)
 .debug_str     0x000050fc       0xc9 uCOS-III\Source\os_tick.o
                               0x1e2b (size before relaxing)
 .debug_str     0x000051c5       0xb4 uCOS-III\Source\os_time.o
                               0x1dd7 (size before relaxing)
 .debug_str     0x00005279      0x148 uCOS-III\Source\os_tmr.o
                               0x1e9b (size before relaxing)
 .debug_str     0x000053c1       0x1c uCOS-III\Source\os_var.o
                               0x10cf (size before relaxing)

.comment        0x00000000       0x7c
 .comment       0x00000000       0x7c BSP\ST\STM32\src\stm32f10x_flash.o
                                 0x7d (size before relaxing)
 .comment       0x0000007c       0x7d BSP\ST\STM32\src\stm32f10x_gpio.o
 .comment       0x0000007c       0x7d BSP\ST\STM32\src\stm32f10x_rcc.o
 .comment       0x0000007c       0x7d BSP\bsp.o
 .comment       0x0000007c       0x7d BSP\bsp_int.o
 .comment       0x0000007c       0x7d src\app.o
 .comment       0x0000007c       0x7d uC-CPU\cpu_core.o
 .comment       0x0000007c       0x7d uC-LIB\lib_mem.o
 .comment       0x0000007c       0x7d uCOS-III\Ports\ARM-Cortex-M3\Generic\GNU\os_cpu_c.o
 .comment       0x0000007c       0x7d uCOS-III\Source\os_cfg_app.o
 .comment       0x0000007c       0x7d uCOS-III\Source\os_core.o
 .comment       0x0000007c       0x7d uCOS-III\Source\os_dbg.o
 .comment       0x0000007c       0x7d uCOS-III\Source\os_flag.o
 .comment       0x0000007c       0x7d uCOS-III\Source\os_int.o
 .comment       0x0000007c       0x7d uCOS-III\Source\os_mem.o
 .comment       0x0000007c       0x7d uCOS-III\Source\os_msg.o
 .comment       0x0000007c       0x7d uCOS-III\Source\os_mutex.o
 .comment       0x0000007c       0x7d uCOS-III\Source\os_prio.o
 .comment       0x0000007c       0x7d uCOS-III\Source\os_q.o
 .comment       0x0000007c       0x7d uCOS-III\Source\os_sem.o
 .comment       0x0000007c       0x7d uCOS-III\Source\os_stat.o
 .comment       0x0000007c       0x7d uCOS-III\Source\os_task.o
 .comment       0x0000007c       0x7d uCOS-III\Source\os_tick.o
 .comment       0x0000007c       0x7d uCOS-III\Source\os_time.o
 .comment       0x0000007c       0x7d uCOS-III\Source\os_tmr.o
 .comment       0x0000007c       0x7d uCOS-III\Source\os_var.o

.debug_frame    0x00000000     0x3820
 .debug_frame   0x00000000      0x388 BSP\ST\STM32\src\stm32f10x_flash.o
 .debug_frame   0x00000388      0x2d0 BSP\ST\STM32\src\stm32f10x_gpio.o
 .debug_frame   0x00000658      0x6d4 BSP\ST\STM32\src\stm32f10x_rcc.o
 .debug_frame   0x00000d2c      0x16c BSP\bsp.o
 .debug_frame   0x00000e98      0x7f8 BSP\bsp_int.o
 .debug_frame   0x00001690       0x94 src\app.o
 .debug_frame   0x00001724      0x3ac uC-CPU\cpu_core.o
 .debug_frame   0x00001ad0      0x2b4 uC-LIB\lib_mem.o
 .debug_frame   0x00001d84      0x190 uCOS-III\Ports\ARM-Cortex-M3\Generic\GNU\os_cpu_c.o
 .debug_frame   0x00001f14       0x30 uCOS-III\Source\os_cfg_app.o
 .debug_frame   0x00001f44      0x5e0 uCOS-III\Source\os_core.o
 .debug_frame   0x00002524       0x38 uCOS-III\Source\os_dbg.o
 .debug_frame   0x0000255c      0x200 uCOS-III\Source\os_flag.o
 .debug_frame   0x0000275c       0xa8 uCOS-III\Source\os_int.o
 .debug_frame   0x00002804       0xcc uCOS-III\Source\os_mem.o
 .debug_frame   0x000028d0       0xd8 uCOS-III\Source\os_msg.o
 .debug_frame   0x000029a8      0x16c uCOS-III\Source\os_mutex.o
 .debug_frame   0x00002b14       0xac uCOS-III\Source\os_prio.o
 .debug_frame   0x00002bc0      0x1b4 uCOS-III\Source\os_q.o
 .debug_frame   0x00002d74      0x1b4 uCOS-III\Source\os_sem.o
 .debug_frame   0x00002f28       0xa0 uCOS-III\Source\os_stat.o
 .debug_frame   0x00002fc8      0x400 uCOS-III\Source\os_task.o
 .debug_frame   0x000033c8      0x120 uCOS-III\Source\os_tick.o
 .debug_frame   0x000034e8       0xec uCOS-III\Source\os_time.o
 .debug_frame   0x000035d4      0x220 uCOS-III\Source\os_tmr.o
 .debug_frame   0x000037f4       0x2c d:/program files (x86)/atollic/truestudio for arm 8.0.0/armtools/bin/../lib/gcc/arm-atollic-eabi/6.3.1/../../../../arm-atollic-eabi/lib/armv7-m\libc_nano.a(lib_a-init.o)

.stabstr        0x00000000       0x3f
 .stabstr       0x00000000       0x3f d:/program files (x86)/atollic/truestudio for arm 8.0.0/armtools/bin/../lib/gcc/arm-atollic-eabi/6.3.1/../../../../arm-atollic-eabi/lib/armv7-m\libnosys.a(write.o)

Cross Reference Table

Symbol                                            File
ADC_AnalogWatchdogCmd                             BSP\ST\STM32\src\stm32f10x_adc.o
ADC_AnalogWatchdogSingleChannelConfig             BSP\ST\STM32\src\stm32f10x_adc.o
ADC_AnalogWatchdogThresholdsConfig                BSP\ST\STM32\src\stm32f10x_adc.o
ADC_AutoInjectedConvCmd                           BSP\ST\STM32\src\stm32f10x_adc.o
ADC_ClearFlag                                     BSP\ST\STM32\src\stm32f10x_adc.o
ADC_ClearITPendingBit                             BSP\ST\STM32\src\stm32f10x_adc.o
ADC_Cmd                                           BSP\ST\STM32\src\stm32f10x_adc.o
ADC_DMACmd                                        BSP\ST\STM32\src\stm32f10x_adc.o
ADC_DeInit                                        BSP\ST\STM32\src\stm32f10x_adc.o
ADC_DiscModeChannelCountConfig                    BSP\ST\STM32\src\stm32f10x_adc.o
ADC_DiscModeCmd                                   BSP\ST\STM32\src\stm32f10x_adc.o
ADC_ExternalTrigConvCmd                           BSP\ST\STM32\src\stm32f10x_adc.o
ADC_ExternalTrigInjectedConvCmd                   BSP\ST\STM32\src\stm32f10x_adc.o
ADC_ExternalTrigInjectedConvConfig                BSP\ST\STM32\src\stm32f10x_adc.o
ADC_GetCalibrationStatus                          BSP\ST\STM32\src\stm32f10x_adc.o
ADC_GetConversionValue                            BSP\ST\STM32\src\stm32f10x_adc.o
ADC_GetDualModeConversionValue                    BSP\ST\STM32\src\stm32f10x_adc.o
ADC_GetFlagStatus                                 BSP\ST\STM32\src\stm32f10x_adc.o
ADC_GetITStatus                                   BSP\ST\STM32\src\stm32f10x_adc.o
ADC_GetInjectedConversionValue                    BSP\ST\STM32\src\stm32f10x_adc.o
ADC_GetResetCalibrationStatus                     BSP\ST\STM32\src\stm32f10x_adc.o
ADC_GetSoftwareStartConvStatus                    BSP\ST\STM32\src\stm32f10x_adc.o
ADC_GetSoftwareStartInjectedConvCmdStatus         BSP\ST\STM32\src\stm32f10x_adc.o
ADC_ITConfig                                      BSP\ST\STM32\src\stm32f10x_adc.o
ADC_Init                                          BSP\ST\STM32\src\stm32f10x_adc.o
ADC_InjectedChannelConfig                         BSP\ST\STM32\src\stm32f10x_adc.o
ADC_InjectedDiscModeCmd                           BSP\ST\STM32\src\stm32f10x_adc.o
ADC_InjectedSequencerLengthConfig                 BSP\ST\STM32\src\stm32f10x_adc.o
ADC_RegularChannelConfig                          BSP\ST\STM32\src\stm32f10x_adc.o
ADC_ResetCalibration                              BSP\ST\STM32\src\stm32f10x_adc.o
ADC_SetInjectedOffset                             BSP\ST\STM32\src\stm32f10x_adc.o
ADC_SoftwareStartConvCmd                          BSP\ST\STM32\src\stm32f10x_adc.o
ADC_SoftwareStartInjectedConvCmd                  BSP\ST\STM32\src\stm32f10x_adc.o
ADC_StartCalibration                              BSP\ST\STM32\src\stm32f10x_adc.o
ADC_StructInit                                    BSP\ST\STM32\src\stm32f10x_adc.o
ADC_TempSensorVrefintCmd                          BSP\ST\STM32\src\stm32f10x_adc.o
ASCII_Cmp                                         uC-LIB\lib_ascii.o
ASCII_IsAlpha                                     uC-LIB\lib_ascii.o
ASCII_IsAlphaNum                                  uC-LIB\lib_ascii.o
                                                  uC-LIB\lib_str.o
ASCII_IsBlank                                     uC-LIB\lib_ascii.o
ASCII_IsCtrl                                      uC-LIB\lib_ascii.o
ASCII_IsDig                                       uC-LIB\lib_ascii.o
                                                  uC-LIB\lib_str.o
ASCII_IsDigHex                                    uC-LIB\lib_ascii.o
                                                  uC-LIB\lib_str.o
ASCII_IsDigOct                                    uC-LIB\lib_ascii.o
ASCII_IsGraph                                     uC-LIB\lib_ascii.o
ASCII_IsLower                                     uC-LIB\lib_ascii.o
                                                  uC-LIB\lib_str.o
ASCII_IsPrint                                     uC-LIB\lib_ascii.o
                                                  uC-LIB\lib_str.o
ASCII_IsPunct                                     uC-LIB\lib_ascii.o
ASCII_IsSpace                                     uC-LIB\lib_ascii.o
                                                  uC-LIB\lib_str.o
ASCII_IsUpper                                     uC-LIB\lib_ascii.o
ASCII_ToLower                                     uC-LIB\lib_ascii.o
                                                  uC-LIB\lib_str.o
ASCII_ToUpper                                     uC-LIB\lib_ascii.o
App_OS_ClrAllHooks                                src\os_app_hooks.o
App_OS_IdleTaskHook                               src\os_app_hooks.o
App_OS_InitHook                                   src\os_app_hooks.o
App_OS_SetAllHooks                                src\os_app_hooks.o
App_OS_StatTaskHook                               src\os_app_hooks.o
App_OS_TaskCreateHook                             src\os_app_hooks.o
App_OS_TaskDelHook                                src\os_app_hooks.o
App_OS_TaskReturnHook                             src\os_app_hooks.o
App_OS_TaskSwHook                                 src\os_app_hooks.o
App_OS_TimeTickHook                               src\os_app_hooks.o
BKP_ClearFlag                                     BSP\ST\STM32\src\stm32f10x_bkp.o
BKP_ClearITPendingBit                             BSP\ST\STM32\src\stm32f10x_bkp.o
BKP_DeInit                                        BSP\ST\STM32\src\stm32f10x_bkp.o
BKP_GetFlagStatus                                 BSP\ST\STM32\src\stm32f10x_bkp.o
BKP_GetITStatus                                   BSP\ST\STM32\src\stm32f10x_bkp.o
BKP_ITConfig                                      BSP\ST\STM32\src\stm32f10x_bkp.o
BKP_RTCOutputConfig                               BSP\ST\STM32\src\stm32f10x_bkp.o
BKP_ReadBackupRegister                            BSP\ST\STM32\src\stm32f10x_bkp.o
BKP_SetRTCCalibrationValue                        BSP\ST\STM32\src\stm32f10x_bkp.o
BKP_TamperPinCmd                                  BSP\ST\STM32\src\stm32f10x_bkp.o
BKP_TamperPinLevelConfig                          BSP\ST\STM32\src\stm32f10x_bkp.o
BKP_WriteBackupRegister                           BSP\ST\STM32\src\stm32f10x_bkp.o
BSP_CPU_ClkFreq                                   BSP\bsp.o
                                                  src\app.o
                                                  BSP\bsp_periph.o
BSP_CPU_ClkFreq_MHz                               BSP\bsp.o
BSP_I2C_Init                                      BSP\bsp_i2c.o
BSP_I2C_Rd                                        BSP\bsp_i2c.o
BSP_I2C_Wr                                        BSP\bsp_i2c.o
BSP_I2C_WrRd                                      BSP\bsp_i2c.o
BSP_Init                                          BSP\bsp.o
                                                  src\app.o
BSP_IntClr                                        BSP\bsp_int.o
BSP_IntDis                                        BSP\bsp_int.o
BSP_IntDisAll                                     BSP\bsp_int.o
                                                  src\app.o
BSP_IntEn                                         BSP\bsp_int.o
                                                  BSP\bsp_uart.o
                                                  BSP\bsp_i2c.o
BSP_IntHandlerADC1_2                              BSP\bsp_int.o
                                                  BSP\TrueSTUDIO\cstartup.o
BSP_IntHandlerCAN1_RX0                            BSP\bsp_int.o
                                                  BSP\TrueSTUDIO\cstartup.o
BSP_IntHandlerCAN1_RX1                            BSP\bsp_int.o
                                                  BSP\TrueSTUDIO\cstartup.o
BSP_IntHandlerCAN1_SCE                            BSP\bsp_int.o
                                                  BSP\TrueSTUDIO\cstartup.o
BSP_IntHandlerCAN1_TX                             BSP\bsp_int.o
                                                  BSP\TrueSTUDIO\cstartup.o
BSP_IntHandlerCAN2_RX0                            BSP\bsp_int.o
                                                  BSP\TrueSTUDIO\cstartup.o
BSP_IntHandlerCAN2_RX1                            BSP\bsp_int.o
                                                  BSP\TrueSTUDIO\cstartup.o
BSP_IntHandlerCAN2_SCE                            BSP\bsp_int.o
                                                  BSP\TrueSTUDIO\cstartup.o
BSP_IntHandlerCAN2_TX                             BSP\bsp_int.o
                                                  BSP\TrueSTUDIO\cstartup.o
BSP_IntHandlerDMA1_CH1                            BSP\bsp_int.o
                                                  BSP\TrueSTUDIO\cstartup.o
BSP_IntHandlerDMA1_CH2                            BSP\bsp_int.o
                                                  BSP\TrueSTUDIO\cstartup.o
BSP_IntHandlerDMA1_CH3                            BSP\bsp_int.o
                                                  BSP\TrueSTUDIO\cstartup.o
BSP_IntHandlerDMA1_CH4                            BSP\bsp_int.o
                                                  BSP\TrueSTUDIO\cstartup.o
BSP_IntHandlerDMA1_CH5                            BSP\bsp_int.o
                                                  BSP\TrueSTUDIO\cstartup.o
BSP_IntHandlerDMA1_CH6                            BSP\bsp_int.o
                                                  BSP\TrueSTUDIO\cstartup.o
BSP_IntHandlerDMA1_CH7                            BSP\bsp_int.o
                                                  BSP\TrueSTUDIO\cstartup.o
BSP_IntHandlerDMA2_CH1                            BSP\bsp_int.o
                                                  BSP\TrueSTUDIO\cstartup.o
BSP_IntHandlerDMA2_CH2                            BSP\bsp_int.o
                                                  BSP\TrueSTUDIO\cstartup.o
BSP_IntHandlerDMA2_CH3                            BSP\bsp_int.o
                                                  BSP\TrueSTUDIO\cstartup.o
BSP_IntHandlerDMA2_CH4                            BSP\bsp_int.o
                                                  BSP\TrueSTUDIO\cstartup.o
BSP_IntHandlerDMA2_CH5                            BSP\bsp_int.o
                                                  BSP\TrueSTUDIO\cstartup.o
BSP_IntHandlerETH                                 BSP\bsp_int.o
                                                  BSP\TrueSTUDIO\cstartup.o
BSP_IntHandlerETHWakeup                           BSP\bsp_int.o
                                                  BSP\TrueSTUDIO\cstartup.o
BSP_IntHandlerEXTI0                               BSP\bsp_int.o
                                                  BSP\TrueSTUDIO\cstartup.o
BSP_IntHandlerEXTI1                               BSP\bsp_int.o
                                                  BSP\TrueSTUDIO\cstartup.o
BSP_IntHandlerEXTI15_10                           BSP\bsp_int.o
                                                  BSP\TrueSTUDIO\cstartup.o
BSP_IntHandlerEXTI2                               BSP\bsp_int.o
                                                  BSP\TrueSTUDIO\cstartup.o
BSP_IntHandlerEXTI3                               BSP\bsp_int.o