bsp_int.c:113:7:BSP_IntClr	16	static
bsp_int.c:135:7:BSP_IntDis	16	static
bsp_int.c:159:7:BSP_IntDisAll	8	static
bsp_int.c:181:7:BSP_IntEn	16	static
bsp_int.c:207:7:BSP_IntVectSet	24	static
bsp_int.c:239:7:BSP_IntPrioSet	24	static
bsp_int.c:277:7:BSP_IntInit	16	static
bsp_int.c:304:7:BSP_IntHandlerWWDG	8	static
bsp_int.c:305:7:BSP_IntHandlerPVD	8	static
bsp_int.c:306:7:BSP_IntHandlerTAMPER	8	static
bsp_int.c:307:7:BSP_IntHandlerRTC	8	static
bsp_int.c:308:7:BSP_IntHandlerFLASH	8	static
bsp_int.c:309:7:BSP_IntHandlerRCC	8	static
bsp_int.c:310:7:BSP_IntHandlerEXTI0	8	static
bsp_int.c:311:7:BSP_IntHandlerEXTI1	8	static
bsp_int.c:312:7:BSP_IntHandlerEXTI2	8	static
bsp_int.c:313:7:BSP_IntHandlerEXTI3	8	static
bsp_int.c:314:7:BSP_IntHandlerEXTI4	8	static
bsp_int.c:315:7:BSP_IntHandlerDMA1_CH1	8	static
bsp_int.c:316:7:BSP_IntHandlerDMA1_CH2	8	static
bsp_int.c:317:7:BSP_IntHandlerDMA1_CH3	8	static
bsp_int.c:318:7:BSP_IntHandlerDMA1_CH4	8	static
bsp_int.c:319:7:BSP_IntHandlerDMA1_CH5	8	static
bsp_int.c:320:7:BSP_IntHandlerDMA1_CH6	8	static
bsp_int.c:321:7:BSP_IntHandlerDMA1_CH7	8	static
bsp_int.c:322:7:BSP_IntHandlerADC1_2	8	static
bsp_int.c:323:7:BSP_IntHandlerCAN1_TX	8	static
bsp_int.c:324:7:BSP_IntHandlerCAN1_RX0	8	static
bsp_int.c:325:7:BSP_IntHandlerCAN1_RX1	8	static
bsp_int.c:326:7:BSP_IntHandlerCAN1_SCE	8	static
bsp_int.c:327:7:BSP_IntHandlerEXTI9_5	8	static
bsp_int.c:328:7:BSP_IntHandlerTIM1_BRK	8	static
bsp_int.c:329:7:BSP_IntHandlerTIM1_UP	8	static
bsp_int.c:330:7:BSP_IntHandlerTIM1_TRG_COM	8	static
bsp_int.c:331:7:BSP_IntHandlerTIM1_CC	8	static
bsp_int.c:332:7:BSP_IntHandlerTIM2	8	static
bsp_int.c:333:7:BSP_IntHandlerTIM3	8	static
bsp_int.c:334:7:BSP_IntHandlerTIM4	8	static
bsp_int.c:335:7:BSP_IntHandlerI2C1_EV	8	static
bsp_int.c:336:7:BSP_IntHandlerI2C1_ER	8	static
bsp_int.c:337:7:BSP_IntHandlerI2C2_EV	8	static
bsp_int.c:338:7:BSP_IntHandlerI2C2_ER	8	static
bsp_int.c:339:7:BSP_IntHandlerSPI1	8	static
bsp_int.c:340:7:BSP_IntHandlerSPI2	8	static
bsp_int.c:341:7:BSP_IntHandlerUSART1	8	static
bsp_int.c:342:7:BSP_IntHandlerUSART2	8	static
bsp_int.c:343:7:BSP_IntHandlerUSART3	8	static
bsp_int.c:344:7:BSP_IntHandlerEXTI15_10	8	static
bsp_int.c:345:7:BSP_IntHandlerRTCAlarm	8	static
bsp_int.c:346:7:BSP_IntHandlerUSBWakeUp	8	static
bsp_int.c:347:7:BSP_IntHandlerTIM5	8	static
bsp_int.c:348:7:BSP_IntHandlerSPI3	8	static
bsp_int.c:349:7:BSP_IntHandlerUSART4	8	static
bsp_int.c:350:7:BSP_IntHandlerUSART5	8	static
bsp_int.c:351:7:BSP_IntHandlerTIM6	8	static
bsp_int.c:352:7:BSP_IntHandlerTIM7	8	static
bsp_int.c:353:7:BSP_IntHandlerDMA2_CH1	8	static
bsp_int.c:354:7:BSP_IntHandlerDMA2_CH2	8	static
bsp_int.c:355:7:BSP_IntHandlerDMA2_CH3	8	static
bsp_int.c:356:7:BSP_IntHandlerDMA2_CH4	8	static
bsp_int.c:357:7:BSP_IntHandlerDMA2_CH5	8	static
bsp_int.c:358:7:BSP_IntHandlerETH	8	static
bsp_int.c:359:7:BSP_IntHandlerETHWakeup	8	static
bsp_int.c:360:7:BSP_IntHandlerCAN2_TX	8	static
bsp_int.c:361:7:BSP_IntHandlerCAN2_RX0	8	static
bsp_int.c:362:7:BSP_IntHandlerCAN2_RX1	8	static
bsp_int.c:363:7:BSP_IntHandlerCAN2_SCE	8	static
bsp_int.c:364:7:BSP_IntHandlerOTG	8	static
bsp_int.c:391:15:BSP_IntHandler	24	static
bsp_int.c:430:15:BSP_IntHandlerDummy	4	static
