stm32f10x_nvic.c:36:6:NVIC_DeInit	16	static
stm32f10x_nvic.c:61:6:NVIC_SCBDeInit	16	static
stm32f10x_nvic.c:99:6:NVIC_PriorityGroupConfig	16	static
stm32f10x_nvic.c:118:6:NVIC_Init	40	static
stm32f10x_nvic.c:170:6:NVIC_StructInit	16	static
stm32f10x_nvic.c:186:6:NVIC_SETPRIMASK	8	static
stm32f10x_nvic.c:198:6:NVIC_RESETPRIMASK	8	static
stm32f10x_nvic.c:210:6:NVIC_SETFAULTMASK	8	static
stm32f10x_nvic.c:222:6:NVIC_RESETFAULTMASK	8	static
stm32f10x_nvic.c:236:6:NVIC_BASEPRICONFIG	16	static
stm32f10x_nvic.c:251:5:NVIC_GetBASEPRI	8	static
stm32f10x_nvic.c:263:5:NVIC_GetCurrentPendingIRQChannel	4	static
stm32f10x_nvic.c:276:10:NVIC_GetIRQChannelPendingBitStatus	24	static
stm32f10x_nvic.c:304:6:NVIC_SetIRQChannelPendingBit	16	static
stm32f10x_nvic.c:319:6:NVIC_ClearIRQChannelPendingBit	16	static
stm32f10x_nvic.c:335:5:NVIC_GetCurrentActiveHandler	4	static
stm32f10x_nvic.c:348:10:NVIC_GetIRQChannelActiveBitStatus	24	static
stm32f10x_nvic.c:377:5:NVIC_GetCPUID	4	static
stm32f10x_nvic.c:395:6:NVIC_SetVectorTable	16	static
stm32f10x_nvic.c:411:6:NVIC_GenerateSystemReset	4	static
stm32f10x_nvic.c:423:6:NVIC_GenerateCoreReset	4	static
stm32f10x_nvic.c:442:6:NVIC_SystemLPConfig	16	static
stm32f10x_nvic.c:472:6:NVIC_SystemHandlerConfig	24	static
stm32f10x_nvic.c:512:6:NVIC_SystemHandlerPriorityConfig	32	static
stm32f10x_nvic.c:554:10:NVIC_GetSystemHandlerPendingBitStatus	32	static
stm32f10x_nvic.c:592:6:NVIC_SetSystemHandlerPendingBit	24	static
stm32f10x_nvic.c:616:6:NVIC_ClearSystemHandlerPendingBit	24	static
stm32f10x_nvic.c:646:10:NVIC_GetSystemHandlerActiveBitStatus	32	static
stm32f10x_nvic.c:686:5:NVIC_GetFaultHandlerSources	32	static
stm32f10x_nvic.c:732:5:NVIC_GetFaultAddress	24	static
