stm32f10x_bkp.c:72:6:BKP_DeInit	8	static
stm32f10x_bkp.c:88:6:BKP_TamperPinLevelConfig	16	static
stm32f10x_bkp.c:104:6:BKP_TamperPinCmd	16	static
stm32f10x_bkp.c:120:6:BKP_ITConfig	16	static
stm32f10x_bkp.c:143:6:BKP_RTCOutputConfig	24	static
stm32f10x_bkp.c:170:6:BKP_SetRTCCalibrationValue	24	static
stm32f10x_bkp.c:198:6:BKP_WriteBackupRegister	16	static
stm32f10x_bkp.c:214:5:BKP_ReadBackupRegister	16	static
stm32f10x_bkp.c:229:12:BKP_GetFlagStatus	4	static
stm32f10x_bkp.c:241:6:BKP_ClearFlag	4	static
stm32f10x_bkp.c:254:10:BKP_GetITStatus	4	static
stm32f10x_bkp.c:266:6:BKP_ClearITPendingBit	4	static
