stm32f10x_spi.c:70:6:SPI_I2S_DeInit	16	static
stm32f10x_spi.c:114:6:SPI_Init	24	static
stm32f10x_spi.c:179:6:I2S_Init	56	static
stm32f10x_spi.c:320:6:SPI_StructInit	16	static
stm32f10x_spi.c:359:6:I2S_StructInit	16	static
stm32f10x_spi.c:390:6:SPI_Cmd	16	static
stm32f10x_spi.c:417:6:I2S_Cmd	16	static
stm32f10x_spi.c:452:6:SPI_I2S_ITConfig	24	static
stm32f10x_spi.c:495:6:SPI_I2S_DMACmd	16	static
stm32f10x_spi.c:524:6:SPI_I2S_SendData	16	static
stm32f10x_spi.c:542:5:SPI_I2S_ReceiveData	16	static
stm32f10x_spi.c:563:6:SPI_NSSInternalSoftwareConfig	16	static
stm32f10x_spi.c:590:6:SPI_SSOutputCmd	16	static
stm32f10x_spi.c:619:6:SPI_DataSizeConfig	16	static
stm32f10x_spi.c:638:6:SPI_TransmitCRC	16	static
stm32f10x_spi.c:657:6:SPI_CalculateCRC	16	static
stm32f10x_spi.c:687:5:SPI_GetCRC	24	static
stm32f10x_spi.c:717:5:SPI_GetCRCPolynomial	16	static
stm32f10x_spi.c:739:6:SPI_BiDirectionalLineConfig	16	static
stm32f10x_spi.c:776:12:SPI_I2S_GetFlagStatus	24	static
stm32f10x_spi.c:821:6:SPI_I2S_ClearFlag	16	static
stm32f10x_spi.c:848:10:SPI_I2S_GetITStatus	24	static
stm32f10x_spi.c:905:6:SPI_I2S_ClearITPendingBit	24	static
