stm32f10x_usart.c:90:6:USART_DeInit	16	static
stm32f10x_usart.c:140:6:USART_Init	56	static
stm32f10x_usart.c:232:6:USART_StructInit	16	static
stm32f10x_usart.c:255:6:USART_ClockInit	24	static
stm32f10x_usart.c:291:6:USART_ClockStructInit	16	static
stm32f10x_usart.c:311:6:USART_Cmd	16	static
stm32f10x_usart.c:354:6:USART_ITConfig	32	static
stm32f10x_usart.c:413:6:USART_DMACmd	16	static
stm32f10x_usart.c:444:6:USART_SetAddress	16	static
stm32f10x_usart.c:469:6:USART_WakeUpConfig	16	static
stm32f10x_usart.c:490:6:USART_ReceiverWakeUpCmd	16	static
stm32f10x_usart.c:522:6:USART_LINBreakDetectLengthConfig	16	static
stm32f10x_usart.c:543:6:USART_LINCmd	16	static
stm32f10x_usart.c:571:6:USART_SendData	16	static
stm32f10x_usart.c:590:5:USART_ReceiveData	16	static
stm32f10x_usart.c:608:6:USART_SendBreak	16	static
stm32f10x_usart.c:627:6:USART_SetGuardTime	16	static
stm32f10x_usart.c:649:6:USART_SetPrescaler	16	static
stm32f10x_usart.c:671:6:USART_SmartCardCmd	16	static
stm32f10x_usart.c:700:6:USART_SmartCardNACKCmd	16	static
stm32f10x_usart.c:729:6:USART_HalfDuplexCmd	16	static
stm32f10x_usart.c:760:6:USART_IrDAConfig	16	static
stm32f10x_usart.c:781:6:USART_IrDACmd	16	static
stm32f10x_usart.c:821:12:USART_GetFlagStatus	24	static
stm32f10x_usart.c:873:6:USART_ClearFlag	16	static
stm32f10x_usart.c:906:10:USART_GetITStatus	32	static
stm32f10x_usart.c:986:6:USART_ClearITPendingBit	24	static
