stm32f10x_i2c.c:112:6:I2C_DeInit	16	static
stm32f10x_i2c.c:149:6:I2C_Init	48	static
stm32f10x_i2c.c:260:6:I2C_StructInit	16	static
stm32f10x_i2c.c:291:6:I2C_Cmd	16	static
stm32f10x_i2c.c:318:6:I2C_DMACmd	16	static
stm32f10x_i2c.c:345:6:I2C_DMALastTransferCmd	16	static
stm32f10x_i2c.c:372:6:I2C_GenerateSTART	16	static
stm32f10x_i2c.c:399:6:I2C_GenerateSTOP	16	static
stm32f10x_i2c.c:426:6:I2C_AcknowledgeConfig	16	static
stm32f10x_i2c.c:452:6:I2C_OwnAddress2Config	24	static
stm32f10x_i2c.c:478:6:I2C_DualAddressCmd	16	static
stm32f10x_i2c.c:505:6:I2C_GeneralCallCmd	16	static
stm32f10x_i2c.c:538:6:I2C_ITConfig	16	static
stm32f10x_i2c.c:565:6:I2C_SendData	16	static
stm32f10x_i2c.c:581:4:I2C_ReceiveData	16	static
stm32f10x_i2c.c:603:6:I2C_Send7bitAddress	16	static
stm32f10x_i2c.c:641:5:I2C_ReadRegister	16	static
stm32f10x_i2c.c:660:6:I2C_SoftwareResetCmd	16	static
stm32f10x_i2c.c:689:6:I2C_SMBusAlertConfig	16	static
stm32f10x_i2c.c:716:6:I2C_TransmitPEC	16	static
stm32f10x_i2c.c:747:6:I2C_PECPositionConfig	16	static
stm32f10x_i2c.c:775:6:I2C_CalculatePEC	16	static
stm32f10x_i2c.c:800:4:I2C_GetPEC	16	static
stm32f10x_i2c.c:818:6:I2C_ARPCmd	16	static
stm32f10x_i2c.c:845:6:I2C_StretchClockCmd	16	static
stm32f10x_i2c.c:874:6:I2C_FastModeDutyCycleConfig	16	static
stm32f10x_i2c.c:899:5:I2C_GetLastEvent	32	static
stm32f10x_i2c.c:941:13:I2C_CheckEvent	32	static
stm32f10x_i2c.c:1006:12:I2C_GetFlagStatus	32	static
stm32f10x_i2c.c:1092:6:I2C_ClearFlag	24	static
stm32f10x_i2c.c:1131:10:I2C_GetITStatus	24	static
stm32f10x_i2c.c:1201:6:I2C_ClearITPendingBit	24	static
