stm32f10x_rcc.c:153:6:RCC_DeInit	4	static
stm32f10x_rcc.c:188:6:RCC_HSEConfig	16	static
stm32f10x_rcc.c:227:13:RCC_WaitForHSEStartUp	16	static
stm32f10x_rcc.c:262:6:RCC_AdjustHSICalibrationValue	24	static
stm32f10x_rcc.c:291:6:RCC_HSICmd	16	static
stm32f10x_rcc.c:316:6:RCC_PLLConfig	24	static
stm32f10x_rcc.c:345:6:RCC_PLLCmd	16	static
stm32f10x_rcc.c:367:6:RCC_PREDIV1Config	24	static
stm32f10x_rcc.c:397:6:RCC_PREDIV2Config	24	static
stm32f10x_rcc.c:432:6:RCC_PLL1Config	24	static
stm32f10x_rcc.c:462:6:RCC_PLL1Cmd	16	static
stm32f10x_rcc.c:480:6:RCC_PLL2Config	24	static
stm32f10x_rcc.c:511:6:RCC_PLL2Cmd	16	static
stm32f10x_rcc.c:529:6:RCC_PLL3Config	24	static
stm32f10x_rcc.c:558:6:RCC_PLL3Cmd	16	static
stm32f10x_rcc.c:578:6:RCC_SYSCLKConfig	24	static
stm32f10x_rcc.c:609:4:RCC_GetSYSCLKSource	4	static
stm32f10x_rcc.c:632:6:RCC_HCLKConfig	24	static
stm32f10x_rcc.c:665:6:RCC_PCLK1Config	24	static
stm32f10x_rcc.c:698:6:RCC_PCLK2Config	24	static
stm32f10x_rcc.c:736:6:RCC_ITConfig	16	static
stm32f10x_rcc.c:767:6:RCC_USBCLKConfig	16	static
stm32f10x_rcc.c:788:6:RCC_ADCCLKConfig	24	static
stm32f10x_rcc.c:821:6:RCC_OTGFSCLKConfig	16	static
stm32f10x_rcc.c:843:6:RCC_I2S2CLKConfig	16	static
stm32f10x_rcc.c:865:6:RCC_I2S3CLKConfig	16	static
stm32f10x_rcc.c:885:6:RCC_LSEConfig	16	static
stm32f10x_rcc.c:924:6:RCC_LSICmd	16	static
stm32f10x_rcc.c:946:6:RCC_RTCCLKConfig	16	static
stm32f10x_rcc.c:965:6:RCC_RTCCLKCmd	16	static
stm32f10x_rcc.c:981:6:RCC_GetClocksFreq	48	static
stm32f10x_rcc.c:1118:6:RCC_AHBPeriphClockCmd	16	static
stm32f10x_rcc.c:1150:6:RCC_APB2PeriphClockCmd	16	static
stm32f10x_rcc.c:1184:6:RCC_APB1PeriphClockCmd	16	static
stm32f10x_rcc.c:1213:6:RCC_AHBPeriphResetCmd	16	static
stm32f10x_rcc.c:1244:6:RCC_APB2PeriphResetCmd	16	static
stm32f10x_rcc.c:1277:6:RCC_APB1PeriphResetCmd	16	static
stm32f10x_rcc.c:1301:6:RCC_BackupResetCmd	16	static
stm32f10x_rcc.c:1317:6:RCC_ClockSecuritySystemCmd	16	static
stm32f10x_rcc.c:1343:6:RCC_MCOConfig	16	static
stm32f10x_rcc.c:1374:12:RCC_GetFlagStatus	32	static
stm32f10x_rcc.c:1425:6:RCC_ClearFlag	4	static
stm32f10x_rcc.c:1448:10:RCC_GetITStatus	24	static
stm32f10x_rcc.c:1486:6:RCC_ClearITPendingBit	16	static
