stm32f10x_flash.c:86:6:FLASH_SetLatency	16	static
stm32f10x_flash.c:106:6:FLASH_HalfCycleAccessCmd	16	static
stm32f10x_flash.c:126:6:FLASH_PrefetchBufferCmd	16	static
stm32f10x_flash.c:144:6:FLASH_Unlock	4	static
stm32f10x_flash.c:158:6:FLASH_Lock	4	static
stm32f10x_flash.c:173:14:FLASH_ErasePage	24	static
stm32f10x_flash.c:212:14:FLASH_EraseAllPages	16	static
stm32f10x_flash.c:247:14:FLASH_EraseOptionBytes	16	static
stm32f10x_flash.c:310:14:FLASH_ProgramWord	24	static
stm32f10x_flash.c:369:14:FLASH_ProgramHalfWord	24	static
stm32f10x_flash.c:409:14:FLASH_ProgramOptionByteData	24	static
stm32f10x_flash.c:462:14:FLASH_EnableWriteProtection	32	static
stm32f10x_flash.c:541:14:FLASH_ReadOutProtection	24	static
stm32f10x_flash.c:622:14:FLASH_UserOptionByteConfig	24	static
stm32f10x_flash.c:666:5:FLASH_GetUserOptionByte	4	static
stm32f10x_flash.c:679:5:FLASH_GetWriteProtectionOptionByte	4	static
stm32f10x_flash.c:693:12:FLASH_GetReadOutProtectionStatus	16	static
stm32f10x_flash.c:715:12:FLASH_GetPrefetchBufferStatus	16	static
stm32f10x_flash.c:742:6:FLASH_ITConfig	16	static
stm32f10x_flash.c:773:12:FLASH_GetFlagStatus	24	static
stm32f10x_flash.c:818:6:FLASH_ClearFlag	16	static
stm32f10x_flash.c:835:14:FLASH_GetStatus	16	static
stm32f10x_flash.c:874:14:FLASH_WaitForLastOperation	24	static
stm32f10x_flash.c:905:13:delay	16	static
