stm32f10x_tim.c:134:6:TIM_DeInit	16	static
stm32f10x_tim.c:198:6:TIM_TimeBaseInit	16	static
stm32f10x_tim.c:236:6:TIM_OC1Init	24	static
stm32f10x_tim.c:327:6:TIM_OC2Init	24	static
stm32f10x_tim.c:419:6:TIM_OC3Init	24	static
stm32f10x_tim.c:511:6:TIM_OC4Init	24	static
stm32f10x_tim.c:584:6:TIM_ICInit	16	static
stm32f10x_tim.c:649:6:TIM_PWMIConfig	24	static
stm32f10x_tim.c:720:6:TIM_BDTRConfig	16	static
stm32f10x_tim.c:749:6:TIM_TimeBaseStructInit	16	static
stm32f10x_tim.c:767:6:TIM_OCStructInit	16	static
stm32f10x_tim.c:788:6:TIM_ICStructInit	16	static
stm32f10x_tim.c:806:6:TIM_BDTRStructInit	16	static
stm32f10x_tim.c:827:6:TIM_Cmd	16	static
stm32f10x_tim.c:854:6:TIM_CtrlPWMOutputs	16	static
stm32f10x_tim.c:892:6:TIM_ITConfig	16	static
stm32f10x_tim.c:927:6:TIM_GenerateEvent	16	static
stm32f10x_tim.c:958:6:TIM_DMAConfig	16	static
stm32f10x_tim.c:987:6:TIM_DMACmd	16	static
stm32f10x_tim.c:1015:6:TIM_InternalClockConfig	16	static
stm32f10x_tim.c:1037:6:TIM_ITRxExternalClockConfig	16	static
stm32f10x_tim.c:1068:6:TIM_TIxExternalClockConfig	24	static
stm32f10x_tim.c:1114:6:TIM_ETRClockMode1Config	32	static
stm32f10x_tim.c:1164:6:TIM_ETRClockMode2Config	24	static
stm32f10x_tim.c:1200:6:TIM_ETRConfig	32	static
stm32f10x_tim.c:1237:6:TIM_PrescalerConfig	16	static
stm32f10x_tim.c:1265:6:TIM_CounterModeConfig	24	static
stm32f10x_tim.c:1303:6:TIM_SelectInputTrigger	24	static
stm32f10x_tim.c:1348:6:TIM_EncoderInterfaceConfig	32	static
stm32f10x_tim.c:1406:6:TIM_ForcedOC1Config	24	static
stm32f10x_tim.c:1440:6:TIM_ForcedOC2Config	24	static
stm32f10x_tim.c:1474:6:TIM_ForcedOC3Config	24	static
stm32f10x_tim.c:1508:6:TIM_ForcedOC4Config	24	static
stm32f10x_tim.c:1537:6:TIM_ARRPreloadConfig	16	static
stm32f10x_tim.c:1564:6:TIM_SelectCOM	16	static
stm32f10x_tim.c:1592:6:TIM_SelectCCDMA	16	static
stm32f10x_tim.c:1620:6:TIM_CCPreloadControl	16	static
stm32f10x_tim.c:1651:6:TIM_OC1PreloadConfig	24	static
stm32f10x_tim.c:1684:6:TIM_OC2PreloadConfig	24	static
stm32f10x_tim.c:1717:6:TIM_OC3PreloadConfig	24	static
stm32f10x_tim.c:1750:6:TIM_OC4PreloadConfig	24	static
stm32f10x_tim.c:1782:6:TIM_OC1FastConfig	24	static
stm32f10x_tim.c:1815:6:TIM_OC2FastConfig	24	static
stm32f10x_tim.c:1848:6:TIM_OC3FastConfig	24	static
stm32f10x_tim.c:1881:6:TIM_OC4FastConfig	24	static
stm32f10x_tim.c:1914:6:TIM_ClearOC1Ref	24	static
stm32f10x_tim.c:1946:6:TIM_ClearOC2Ref	24	static
stm32f10x_tim.c:1978:6:TIM_ClearOC3Ref	24	static
stm32f10x_tim.c:2010:6:TIM_ClearOC4Ref	24	static
stm32f10x_tim.c:2042:6:TIM_OC1PolarityConfig	24	static
stm32f10x_tim.c:2071:6:TIM_OC1NPolarityConfig	24	static
stm32f10x_tim.c:2101:6:TIM_OC2PolarityConfig	24	static
stm32f10x_tim.c:2130:6:TIM_OC2NPolarityConfig	24	static
stm32f10x_tim.c:2160:6:TIM_OC3PolarityConfig	24	static
stm32f10x_tim.c:2189:6:TIM_OC3NPolarityConfig	24	static
stm32f10x_tim.c:2219:6:TIM_OC4PolarityConfig	24	static
stm32f10x_tim.c:2253:6:TIM_CCxCmd	16	static
stm32f10x_tim.c:2281:6:TIM_CCxNCmd	16	static
stm32f10x_tim.c:2321:6:TIM_SelectOCxM	16	static
stm32f10x_tim.c:2359:6:TIM_UpdateDisableConfig	16	static
stm32f10x_tim.c:2388:6:TIM_UpdateRequestConfig	16	static
stm32f10x_tim.c:2415:6:TIM_SelectHallSensor	16	static
stm32f10x_tim.c:2444:6:TIM_SelectOnePulseMode	16	static
stm32f10x_tim.c:2477:6:TIM_SelectOutputTrigger	16	static
stm32f10x_tim.c:2505:6:TIM_SelectSlaveMode	16	static
stm32f10x_tim.c:2531:6:TIM_SelectMasterSlaveMode	16	static
stm32f10x_tim.c:2552:6:TIM_SetCounter	16	static
stm32f10x_tim.c:2569:6:TIM_SetAutoreload	16	static
stm32f10x_tim.c:2587:6:TIM_SetCompare1	16	static
stm32f10x_tim.c:2605:6:TIM_SetCompare2	16	static
stm32f10x_tim.c:2623:6:TIM_SetCompare3	16	static
stm32f10x_tim.c:2641:6:TIM_SetCompare4	16	static
stm32f10x_tim.c:2665:6:TIM_SetIC1Prescaler	16	static
stm32f10x_tim.c:2693:6:TIM_SetIC2Prescaler	16	static
stm32f10x_tim.c:2721:6:TIM_SetIC3Prescaler	16	static
stm32f10x_tim.c:2749:6:TIM_SetIC4Prescaler	16	static
stm32f10x_tim.c:2775:6:TIM_SetClockDivision	16	static
stm32f10x_tim.c:2795:5:TIM_GetCapture1	16	static
stm32f10x_tim.c:2812:5:TIM_GetCapture2	16	static
stm32f10x_tim.c:2829:5:TIM_GetCapture3	16	static
stm32f10x_tim.c:2846:5:TIM_GetCapture4	16	static
stm32f10x_tim.c:2862:5:TIM_GetCounter	16	static
stm32f10x_tim.c:2878:5:TIM_GetPrescaler	16	static
stm32f10x_tim.c:2908:12:TIM_GetFlagStatus	24	static
stm32f10x_tim.c:2949:6:TIM_ClearFlag	16	static
stm32f10x_tim.c:2977:10:TIM_GetITStatus	24	static
stm32f10x_tim.c:3020:6:TIM_ClearITPendingBit	16	static
stm32f10x_tim.c:3052:13:TI1_Config	32	static
stm32f10x_tim.c:3098:13:TI2_Config	32	static
stm32f10x_tim.c:3146:13:TI3_Config	32	static
stm32f10x_tim.c:3193:13:TI4_Config	32	static
