cpu_core.c:193:7:CPU_Init	8	static
cpu_core.c:233:7:CPU_SW_Exception	4	static
cpu_core.c:263:7:CPU_NameClr	16	static
cpu_core.c:308:7:CPU_NameGet	24	static
cpu_core.c:362:7:CPU_NameSet	24	static
cpu_core.c:449:11:CPU_TS_Get32	16	static
cpu_core.c:586:7:CPU_TS_Update	4	static
cpu_core.c:629:18:CPU_TS_TmrFreqGet	24	static
cpu_core.c:681:7:CPU_TS_TmrFreqSet	16	static
cpu_core.c:713:13:CPU_IntDisMeasMaxCurReset	16	static
cpu_core.c:755:13:CPU_IntDisMeasMaxCurGet	24	static
cpu_core.c:798:13:CPU_IntDisMeasMaxGet	24	static
cpu_core.c:836:7:CPU_IntDisMeasStart	8	static
cpu_core.c:1023:7:CPU_IntDisMeasStop	16	static
cpu_core.c:1210:11:CPU_CntLeadZeros08	24	static
cpu_core.c:1278:11:CPU_CntLeadZeros16	24	static
cpu_core.c:1352:11:CPU_CntLeadZeros32	24	static
cpu_core.c:1440:11:CPU_CntLeadZeros64	80	static
cpu_core.c:1722:11:CPU_CntTrailZeros08	24	static
cpu_core.c:1827:11:CPU_CntTrailZeros16	24	static
cpu_core.c:1932:11:CPU_CntTrailZeros32	24	static
cpu_core.c:2037:11:CPU_CntTrailZeros64	40	static
cpu_core.c:2095:15:CPU_NameInit	8	static
cpu_core.c:2132:15:CPU_TS_Init	8	static
cpu_core.c:2212:15:CPU_IntDisMeasInit	24	static
cpu_core.c:2346:21:CPU_IntDisMeasMaxCalc	24	static
